Archive member included to satisfy reference by file (symbol)

/opt/Atollic_TrueSTUDIO_for_STM32_x86_64_9.3.0/ARMTools/bin/../lib/gcc/arm-atollic-eabi/6.3.1/../../../../arm-atollic-eabi/lib/armv7e-m/fpu/libc_nano.a(lib_a-init.o)
                              startup/startup_stm32f429xx.o (__libc_init_array)
/opt/Atollic_TrueSTUDIO_for_STM32_x86_64_9.3.0/ARMTools/bin/../lib/gcc/arm-atollic-eabi/6.3.1/../../../../arm-atollic-eabi/lib/armv7e-m/fpu/libc_nano.a(lib_a-memcmp.o)
                              Middlewares/Third_Party/LwIP/src/netif/ethernet.o (memcmp)
/opt/Atollic_TrueSTUDIO_for_STM32_x86_64_9.3.0/ARMTools/bin/../lib/gcc/arm-atollic-eabi/6.3.1/../../../../arm-atollic-eabi/lib/armv7e-m/fpu/libc_nano.a(lib_a-memcpy-stub.o)
                              Middlewares/Third_Party/FreeRTOS/Source/queue.o (memcpy)
/opt/Atollic_TrueSTUDIO_for_STM32_x86_64_9.3.0/ARMTools/bin/../lib/gcc/arm-atollic-eabi/6.3.1/../../../../arm-atollic-eabi/lib/armv7e-m/fpu/libc_nano.a(lib_a-memset.o)
                              Middlewares/Third_Party/FreeRTOS/Source/stream_buffer.o (memset)
/opt/Atollic_TrueSTUDIO_for_STM32_x86_64_9.3.0/ARMTools/bin/../lib/gcc/arm-atollic-eabi/6.3.1/../../../../arm-atollic-eabi/lib/armv7e-m/fpu/libc_nano.a(lib_a-strerror.o)
                              Src/socket_client.o (strerror)
/opt/Atollic_TrueSTUDIO_for_STM32_x86_64_9.3.0/ARMTools/bin/../lib/gcc/arm-atollic-eabi/6.3.1/../../../../arm-atollic-eabi/lib/armv7e-m/fpu/libc_nano.a(lib_a-strlen.o)
                              Middlewares/Third_Party/LwIP/src/apps/mqtt/mqtt.o (strlen)
/opt/Atollic_TrueSTUDIO_for_STM32_x86_64_9.3.0/ARMTools/bin/../lib/gcc/arm-atollic-eabi/6.3.1/../../../../arm-atollic-eabi/lib/armv7e-m/fpu/libc_nano.a(lib_a-strncmp.o)
                              Middlewares/Third_Party/LwIP/src/core/def.o (strncmp)
/opt/Atollic_TrueSTUDIO_for_STM32_x86_64_9.3.0/ARMTools/bin/../lib/gcc/arm-atollic-eabi/6.3.1/../../../../arm-atollic-eabi/lib/armv7e-m/fpu/libc_nano.a(lib_a-u_strerr.o)
                              /opt/Atollic_TrueSTUDIO_for_STM32_x86_64_9.3.0/ARMTools/bin/../lib/gcc/arm-atollic-eabi/6.3.1/../../../../arm-atollic-eabi/lib/armv7e-m/fpu/libc_nano.a(lib_a-strerror.o) (_user_strerror)
/opt/Atollic_TrueSTUDIO_for_STM32_x86_64_9.3.0/ARMTools/bin/../lib/gcc/arm-atollic-eabi/6.3.1/../../../../arm-atollic-eabi/lib/armv7e-m/fpu/libc_nano.a(lib_a-impure.o)
                              /opt/Atollic_TrueSTUDIO_for_STM32_x86_64_9.3.0/ARMTools/bin/../lib/gcc/arm-atollic-eabi/6.3.1/../../../../arm-atollic-eabi/lib/armv7e-m/fpu/libc_nano.a(lib_a-strerror.o) (_impure_ptr)
/opt/Atollic_TrueSTUDIO_for_STM32_x86_64_9.3.0/ARMTools/bin/../lib/gcc/arm-atollic-eabi/6.3.1/armv7e-m/fpu/libgcc.a(_aeabi_uldivmod.o)
                              Drivers/STM32F4xx_HAL_Driver/Src/stm32f4xx_hal_rcc.o (__aeabi_uldivmod)
/opt/Atollic_TrueSTUDIO_for_STM32_x86_64_9.3.0/ARMTools/bin/../lib/gcc/arm-atollic-eabi/6.3.1/armv7e-m/fpu/libgcc.a(_udivmoddi4.o)
                              /opt/Atollic_TrueSTUDIO_for_STM32_x86_64_9.3.0/ARMTools/bin/../lib/gcc/arm-atollic-eabi/6.3.1/armv7e-m/fpu/libgcc.a(_aeabi_uldivmod.o) (__udivmoddi4)
/opt/Atollic_TrueSTUDIO_for_STM32_x86_64_9.3.0/ARMTools/bin/../lib/gcc/arm-atollic-eabi/6.3.1/armv7e-m/fpu/libgcc.a(_dvmd_tls.o)
                              /opt/Atollic_TrueSTUDIO_for_STM32_x86_64_9.3.0/ARMTools/bin/../lib/gcc/arm-atollic-eabi/6.3.1/armv7e-m/fpu/libgcc.a(_aeabi_uldivmod.o) (__aeabi_ldiv0)

Allocating common symbols
Common symbol       size              file

netif_list          0x4               Middlewares/Third_Party/LwIP/src/core/netif.o
defaultTaskHandle   0x4               Src/freertos.o
ip_data             0x18              Middlewares/Third_Party/LwIP/src/core/ip.o
memp_memory_NETBUF_base
                    0x23              Middlewares/Third_Party/LwIP/src/core/memp.o
GATEWAY_ADDRESS     0x4               Src/lwip.o
tcp_active_pcbs_changed
                    0x1               Middlewares/Third_Party/LwIP/src/core/tcp.o
tcp_active_pcbs     0x4               Middlewares/Third_Party/LwIP/src/core/tcp.o
udp_pcbs            0x4               Middlewares/Third_Party/LwIP/src/core/udp.o
errno               0x4               Middlewares/Third_Party/LwIP/system/OS/sys_arch.o
huart3              0x40              Src/usart.o
memp_memory_TCPIP_MSG_INPKT_base
                    0x83              Middlewares/Third_Party/LwIP/src/core/memp.o
hpcd_USB_OTG_FS     0x408             Src/usb_otg.o
tcp_ticks           0x4               Middlewares/Third_Party/LwIP/src/core/tcp.o
tcp_listen_pcbs     0x4               Middlewares/Third_Party/LwIP/src/core/tcp.o
memp_memory_TCP_SEG_base
                    0x103             Middlewares/Third_Party/LwIP/src/core/memp.o
gnetif              0x30              Src/lwip.o
ipaddr              0x4               Src/lwip.o
uwTick              0x4               Drivers/STM32F4xx_HAL_Driver/Src/stm32f4xx_hal.o
[...]
Memory Configuration

Name             Origin             Length             Attributes
RAM              0x0000000020000000 0x0000000000030000 xrw
CCMRAM           0x0000000010000000 0x0000000000010000 rw
FLASH            0x0000000008000000 0x0000000000200000 xr
*default*        0x0000000000000000 0xffffffffffffffff

Linker script and memory map

LOAD /opt/Atollic_TrueSTUDIO_for_STM32_x86_64_9.3.0/ARMTools/bin/../lib/gcc/arm-atollic-eabi/6.3.1/armv7e-m/fpu/crti.o
LOAD /opt/Atollic_TrueSTUDIO_for_STM32_x86_64_9.3.0/ARMTools/bin/../lib/gcc/arm-atollic-eabi/6.3.1/armv7e-m/fpu/crtbegin.o
LOAD Drivers/STM32F4xx_HAL_Driver/Src/stm32f4xx_hal.o
LOAD Drivers/STM32F4xx_HAL_Driver/Src/stm32f4xx_hal_cortex.o
LOAD Drivers/STM32F4xx_HAL_Driver/Src/stm32f4xx_hal_dma.o
LOAD Drivers/STM32F4xx_HAL_Driver/Src/stm32f4xx_hal_dma_ex.o
LOAD Drivers/STM32F4xx_HAL_Driver/Src/stm32f4xx_hal_eth.o
LOAD Drivers/STM32F4xx_HAL_Driver/Src/stm32f4xx_hal_exti.o
LOAD Drivers/STM32F4xx_HAL_Driver/Src/stm32f4xx_hal_flash.o
LOAD Drivers/STM32F4xx_HAL_Driver/Src/stm32f4xx_hal_flash_ex.o
LOAD Drivers/STM32F4xx_HAL_Driver/Src/stm32f4xx_hal_flash_ramfunc.o
LOAD Drivers/STM32F4xx_HAL_Driver/Src/stm32f4xx_hal_gpio.o
LOAD Drivers/STM32F4xx_HAL_Driver/Src/stm32f4xx_hal_pcd.o
LOAD Drivers/STM32F4xx_HAL_Driver/Src/stm32f4xx_hal_pcd_ex.o
LOAD Drivers/STM32F4xx_HAL_Driver/Src/stm32f4xx_hal_pwr.o
LOAD Drivers/STM32F4xx_HAL_Driver/Src/stm32f4xx_hal_pwr_ex.o
LOAD Drivers/STM32F4xx_HAL_Driver/Src/stm32f4xx_hal_rcc.o
LOAD Drivers/STM32F4xx_HAL_Driver/Src/stm32f4xx_hal_rcc_ex.o
LOAD Drivers/STM32F4xx_HAL_Driver/Src/stm32f4xx_hal_tim.o
LOAD Drivers/STM32F4xx_HAL_Driver/Src/stm32f4xx_hal_tim_ex.o
LOAD Drivers/STM32F4xx_HAL_Driver/Src/stm32f4xx_hal_uart.o
LOAD Drivers/STM32F4xx_HAL_Driver/Src/stm32f4xx_ll_usb.o
LOAD Middlewares/Third_Party/FreeRTOS/Source/CMSIS_RTOS/cmsis_os.o
LOAD Middlewares/Third_Party/FreeRTOS/Source/croutine.o
LOAD Middlewares/Third_Party/FreeRTOS/Source/event_groups.o
LOAD Middlewares/Third_Party/FreeRTOS/Source/list.o
LOAD Middlewares/Third_Party/FreeRTOS/Source/portable/GCC/ARM_CM4F/port.o
LOAD Middlewares/Third_Party/FreeRTOS/Source/portable/MemMang/heap_4.o
LOAD Middlewares/Third_Party/FreeRTOS/Source/queue.o
LOAD Middlewares/Third_Party/FreeRTOS/Source/stream_buffer.o
LOAD Middlewares/Third_Party/FreeRTOS/Source/tasks.o
LOAD Middlewares/Third_Party/FreeRTOS/Source/timers.o
LOAD Middlewares/Third_Party/LwIP/src/api/api_lib.o
LOAD Middlewares/Third_Party/LwIP/src/api/api_msg.o
LOAD Middlewares/Third_Party/LwIP/src/api/err.o
LOAD Middlewares/Third_Party/LwIP/src/api/netbuf.o
LOAD Middlewares/Third_Party/LwIP/src/api/netdb.o
LOAD Middlewares/Third_Party/LwIP/src/api/netifapi.o
LOAD Middlewares/Third_Party/LwIP/src/api/sockets.o
LOAD Middlewares/Third_Party/LwIP/src/api/tcpip.o
LOAD Middlewares/Third_Party/LwIP/src/apps/mqtt/mqtt.o
LOAD Middlewares/Third_Party/LwIP/src/core/def.o
LOAD Middlewares/Third_Party/LwIP/src/core/dns.o
LOAD Middlewares/Third_Party/LwIP/src/core/inet_chksum.o
LOAD Middlewares/Third_Party/LwIP/src/core/init.o
LOAD Middlewares/Third_Party/LwIP/src/core/ip.o
LOAD Middlewares/Third_Party/LwIP/src/core/ipv4/autoip.o
LOAD Middlewares/Third_Party/LwIP/src/core/ipv4/dhcp.o
LOAD Middlewares/Third_Party/LwIP/src/core/ipv4/etharp.o
LOAD Middlewares/Third_Party/LwIP/src/core/ipv4/icmp.o
LOAD Middlewares/Third_Party/LwIP/src/core/ipv4/igmp.o
LOAD Middlewares/Third_Party/LwIP/src/core/ipv4/ip4.o
LOAD Middlewares/Third_Party/LwIP/src/core/ipv4/ip4_addr.o
LOAD Middlewares/Third_Party/LwIP/src/core/ipv4/ip4_frag.o
LOAD Middlewares/Third_Party/LwIP/src/core/ipv6/dhcp6.o
LOAD Middlewares/Third_Party/LwIP/src/core/ipv6/ethip6.o
LOAD Middlewares/Third_Party/LwIP/src/core/ipv6/icmp6.o
LOAD Middlewares/Third_Party/LwIP/src/core/ipv6/inet6.o
LOAD Middlewares/Third_Party/LwIP/src/core/ipv6/ip6.o
LOAD Middlewares/Third_Party/LwIP/src/core/ipv6/ip6_addr.o
LOAD Middlewares/Third_Party/LwIP/src/core/ipv6/ip6_frag.o
LOAD Middlewares/Third_Party/LwIP/src/core/ipv6/mld6.o
LOAD Middlewares/Third_Party/LwIP/src/core/ipv6/nd6.o
LOAD Middlewares/Third_Party/LwIP/src/core/mem.o
LOAD Middlewares/Third_Party/LwIP/src/core/memp.o
LOAD Middlewares/Third_Party/LwIP/src/core/netif.o
LOAD Middlewares/Third_Party/LwIP/src/core/pbuf.o
LOAD Middlewares/Third_Party/LwIP/src/core/raw.o
LOAD Middlewares/Third_Party/LwIP/src/core/stats.o
LOAD Middlewares/Third_Party/LwIP/src/core/sys.o
LOAD Middlewares/Third_Party/LwIP/src/core/tcp.o
LOAD Middlewares/Third_Party/LwIP/src/core/tcp_in.o
LOAD Middlewares/Third_Party/LwIP/src/core/tcp_out.o
LOAD Middlewares/Third_Party/LwIP/src/core/timeouts.o
LOAD Middlewares/Third_Party/LwIP/src/core/udp.o
LOAD Middlewares/Third_Party/LwIP/src/netif/ethernet.o
LOAD Middlewares/Third_Party/LwIP/src/netif/lowpan6.o
LOAD Middlewares/Third_Party/LwIP/src/netif/ppp/auth.o
LOAD Middlewares/Third_Party/LwIP/src/netif/ppp/ccp.o
LOAD Middlewares/Third_Party/LwIP/src/netif/ppp/chap-md5.o
LOAD Middlewares/Third_Party/LwIP/src/netif/ppp/chap-new.o
LOAD Middlewares/Third_Party/LwIP/src/netif/ppp/chap_ms.o
LOAD Middlewares/Third_Party/LwIP/src/netif/ppp/demand.o
LOAD Middlewares/Third_Party/LwIP/src/netif/ppp/eap.o
LOAD Middlewares/Third_Party/LwIP/src/netif/ppp/ecp.o
LOAD Middlewares/Third_Party/LwIP/src/netif/ppp/eui64.o
LOAD Middlewares/Third_Party/LwIP/src/netif/ppp/fsm.o
LOAD Middlewares/Third_Party/LwIP/src/netif/ppp/ipcp.o
LOAD Middlewares/Third_Party/LwIP/src/netif/ppp/ipv6cp.o
LOAD Middlewares/Third_Party/LwIP/src/netif/ppp/lcp.o
LOAD Middlewares/Third_Party/LwIP/src/netif/ppp/magic.o
LOAD Middlewares/Third_Party/LwIP/src/netif/ppp/mppe.o
LOAD Middlewares/Third_Party/LwIP/src/netif/ppp/multilink.o
LOAD Middlewares/Third_Party/LwIP/src/netif/ppp/ppp.o
LOAD Middlewares/Third_Party/LwIP/src/netif/ppp/pppapi.o
LOAD Middlewares/Third_Party/LwIP/src/netif/ppp/pppcrypt.o
LOAD Middlewares/Third_Party/LwIP/src/netif/ppp/pppoe.o
LOAD Middlewares/Third_Party/LwIP/src/netif/ppp/pppol2tp.o
LOAD Middlewares/Third_Party/LwIP/src/netif/ppp/pppos.o
LOAD Middlewares/Third_Party/LwIP/src/netif/ppp/upap.o
LOAD Middlewares/Third_Party/LwIP/src/netif/ppp/utils.o
LOAD Middlewares/Third_Party/LwIP/src/netif/ppp/vj.o
LOAD Middlewares/Third_Party/LwIP/src/netif/slipif.o
LOAD Middlewares/Third_Party/LwIP/system/OS/sys_arch.o
LOAD Src/ethernetif.o
LOAD Src/freertos.o
LOAD Src/gpio.o
LOAD Src/lwip.o
LOAD Src/main.o
LOAD Src/malloc.o
LOAD Src/socket_client.o
LOAD Src/socket_server.o
LOAD Src/stm32f4xx_hal_msp.o
LOAD Src/stm32f4xx_hal_timebase_tim.o
LOAD Src/stm32f4xx_it.o
LOAD Src/syscalls.o
LOAD Src/system_stm32f4xx.o
LOAD Src/tiny_printf.o
LOAD Src/usart.o
LOAD Src/usb_otg.o
LOAD startup/startup_stm32f429xx.o
                0x0000000000000080                malloc_getpagesize_P = 0x80
START GROUP
LOAD /opt/Atollic_TrueSTUDIO_for_STM32_x86_64_9.3.0/ARMTools/bin/../lib/gcc/arm-atollic-eabi/6.3.1/../../../../arm-atollic-eabi/lib/armv7e-m/fpu/libc_nano.a
LOAD /opt/Atollic_TrueSTUDIO_for_STM32_x86_64_9.3.0/ARMTools/bin/../lib/gcc/arm-atollic-eabi/6.3.1/../../../../arm-atollic-eabi/lib/armv7e-m/fpu/libm.a
END GROUP
START GROUP
LOAD /opt/Atollic_TrueSTUDIO_for_STM32_x86_64_9.3.0/ARMTools/bin/../lib/gcc/arm-atollic-eabi/6.3.1/armv7e-m/fpu/libgcc.a
LOAD /opt/Atollic_TrueSTUDIO_for_STM32_x86_64_9.3.0/ARMTools/bin/../lib/gcc/arm-atollic-eabi/6.3.1/../../../../arm-atollic-eabi/lib/armv7e-m/fpu/libc_nano.a
END GROUP
START GROUP
LOAD /opt/Atollic_TrueSTUDIO_for_STM32_x86_64_9.3.0/ARMTools/bin/../lib/gcc/arm-atollic-eabi/6.3.1/armv7e-m/fpu/libgcc.a
LOAD /opt/Atollic_TrueSTUDIO_for_STM32_x86_64_9.3.0/ARMTools/bin/../lib/gcc/arm-atollic-eabi/6.3.1/../../../../arm-atollic-eabi/lib/armv7e-m/fpu/libc_nano.a
LOAD /opt/Atollic_TrueSTUDIO_for_STM32_x86_64_9.3.0/ARMTools/bin/../lib/gcc/arm-atollic-eabi/6.3.1/../../../../arm-atollic-eabi/lib/armv7e-m/fpu/libnosys.a
END GROUP
START GROUP
LOAD /opt/Atollic_TrueSTUDIO_for_STM32_x86_64_9.3.0/ARMTools/bin/../lib/gcc/arm-atollic-eabi/6.3.1/armv7e-m/fpu/libgcc.a
LOAD /opt/Atollic_TrueSTUDIO_for_STM32_x86_64_9.3.0/ARMTools/bin/../lib/gcc/arm-atollic-eabi/6.3.1/../../../../arm-atollic-eabi/lib/armv7e-m/fpu/libc_nano.a
LOAD /opt/Atollic_TrueSTUDIO_for_STM32_x86_64_9.3.0/ARMTools/bin/../lib/gcc/arm-atollic-eabi/6.3.1/../../../../arm-atollic-eabi/lib/armv7e-m/fpu/libnosys.a
END GROUP
LOAD /opt/Atollic_TrueSTUDIO_for_STM32_x86_64_9.3.0/ARMTools/bin/../lib/gcc/arm-atollic-eabi/6.3.1/armv7e-m/fpu/crtend.o
LOAD /opt/Atollic_TrueSTUDIO_for_STM32_x86_64_9.3.0/ARMTools/bin/../lib/gcc/arm-atollic-eabi/6.3.1/armv7e-m/fpu/crtn.o
                0x0000000020030000                _estack = 0x20030000
                0x0000000000000200                _Min_Heap_Size = 0x200
                0x0000000000000400                _Min_Stack_Size = 0x400

.isr_vector     0x0000000008000000      0x1ac
                0x0000000008000000                . = ALIGN (0x4)
 *(.isr_vector)
 .isr_vector    0x0000000008000000      0x1ac startup/startup_stm32f429xx.o
                0x0000000008000000                g_pfnVectors
                0x00000000080001ac                . = ALIGN (0x4)

.text           0x00000000080001b0     0xe114
                0x00000000080001b0                . = ALIGN (0x4)
 *(.text)
 .text          0x00000000080001b0       0x40 /opt/Atollic_TrueSTUDIO_for_STM32_x86_64_9.3.0/ARMTools/bin/../lib/gcc/arm-atollic-eabi/6.3.1/armv7e-m/fpu/crtbegin.o
 .text          0x00000000080001f0       0x10 /opt/Atollic_TrueSTUDIO_for_STM32_x86_64_9.3.0/ARMTools/bin/../lib/gcc/arm-atollic-eabi/6.3.1/../../../../arm-atollic-eabi/lib/armv7e-m/fpu/libc_nano.a(lib_a-strlen.o)
                0x00000000080001f0                strlen
 .text          0x0000000008000200       0x30 /opt/Atollic_TrueSTUDIO_for_STM32_x86_64_9.3.0/ARMTools/bin/../lib/gcc/arm-atollic-eabi/6.3.1/armv7e-m/fpu/libgcc.a(_aeabi_uldivmod.o)
                0x0000000008000200                __aeabi_uldivmod
 .text          0x0000000008000230      0x2dc /opt/Atollic_TrueSTUDIO_for_STM32_x86_64_9.3.0/ARMTools/bin/../lib/gcc/arm-atollic-eabi/6.3.1/armv7e-m/fpu/libgcc.a(_udivmoddi4.o)
                0x0000000008000230                __udivmoddi4
 .text          0x000000000800050c        0x4 /opt/Atollic_TrueSTUDIO_for_STM32_x86_64_9.3.0/ARMTools/bin/../lib/gcc/arm-atollic-eabi/6.3.1/armv7e-m/fpu/libgcc.a(_dvmd_tls.o)
                0x000000000800050c                __aeabi_ldiv0
                0x000000000800050c                __aeabi_idiv0
 *(.text*)
 .text.HAL_Init
                0x0000000008000510       0x34 Drivers/STM32F4xx_HAL_Driver/Src/stm32f4xx_hal.o
                0x0000000008000510                HAL_Init
 .text.HAL_IncTick
                0x0000000008000544       0x18 Drivers/STM32F4xx_HAL_Driver/Src/stm32f4xx_hal.o
                0x0000000008000544                HAL_IncTick
 .text.HAL_GetTick
                0x000000000800055c        0xc Drivers/STM32F4xx_HAL_Driver/Src/stm32f4xx_hal.o
                0x000000000800055c                HAL_GetTick
 .text.HAL_Delay
                0x0000000008000568       0x28 Drivers/STM32F4xx_HAL_Driver/Src/stm32f4xx_hal.o
                0x0000000008000568                HAL_Delay
 .text.HAL_NVIC_SetPriorityGrouping
                0x0000000008000590       0x24 Drivers/STM32F4xx_HAL_Driver/Src/stm32f4xx_hal_cortex.o
                0x0000000008000590                HAL_NVIC_SetPriorityGrouping
 .text.HAL_NVIC_SetPriority
                0x00000000080005b4       0x64 Drivers/STM32F4xx_HAL_Driver/Src/stm32f4xx_hal_cortex.o
                0x00000000080005b4                HAL_NVIC_SetPriority
 .text.HAL_NVIC_EnableIRQ
                0x0000000008000618       0x1c Drivers/STM32F4xx_HAL_Driver/Src/stm32f4xx_hal_cortex.o
                0x0000000008000618                HAL_NVIC_EnableIRQ
 .text.ETH_MACAddressConfig
                0x0000000008000634       0x30 Drivers/STM32F4xx_HAL_Driver/Src/stm32f4xx_hal_eth.o
 .text.ETH_DMATransmissionEnable
                0x0000000008000664       0x10 Drivers/STM32F4xx_HAL_Driver/Src/stm32f4xx_hal_eth.o
 .text.ETH_DMAReceptionEnable
                0x0000000008000674       0x10 Drivers/STM32F4xx_HAL_Driver/Src/stm32f4xx_hal_eth.o
 .text.ETH_Delay
                0x0000000008000684       0x2c Drivers/STM32F4xx_HAL_Driver/Src/stm32f4xx_hal_eth.o
 .text.ETH_MACTransmissionEnable
                0x00000000080006b0       0x2a Drivers/STM32F4xx_HAL_Driver/Src/stm32f4xx_hal_eth.o
 .text.ETH_MACReceptionEnable
                0x00000000080006da       0x2a Drivers/STM32F4xx_HAL_Driver/Src/stm32f4xx_hal_eth.o
 .text.ETH_FlushTransmitFIFO
                0x0000000008000704       0x2e Drivers/STM32F4xx_HAL_Driver/Src/stm32f4xx_hal_eth.o
 *fill*         0x0000000008000732        0x2 
 .text.ETH_MACDMAConfig
                0x0000000008000734      0x118 Drivers/STM32F4xx_HAL_Driver/Src/stm32f4xx_hal_eth.o
 .text.HAL_ETH_DMATxDescListInit
                0x000000000800084c       0x72 Drivers/STM32F4xx_HAL_Driver/Src/stm32f4xx_hal_eth.o
                0x000000000800084c                HAL_ETH_DMATxDescListInit
 .text.HAL_ETH_DMARxDescListInit
                0x00000000080008be       0x6c Drivers/STM32F4xx_HAL_Driver/Src/stm32f4xx_hal_eth.o
                0x00000000080008be                HAL_ETH_DMARxDescListInit
 *fill*         0x000000000800092a        0x2 
 .text.HAL_ETH_TransmitFrame
                0x000000000800092c      0x124 Drivers/STM32F4xx_HAL_Driver/Src/stm32f4xx_hal_eth.o
                0x000000000800092c                HAL_ETH_TransmitFrame
 .text.HAL_ETH_GetReceivedFrame_IT
                0x0000000008000a50       0x98 Drivers/STM32F4xx_HAL_Driver/Src/stm32f4xx_hal_eth.o
                0x0000000008000a50                HAL_ETH_GetReceivedFrame_IT
 .text.HAL_ETH_TxCpltCallback
                0x0000000008000ae8        0x2 Drivers/STM32F4xx_HAL_Driver/Src/stm32f4xx_hal_eth.o
                0x0000000008000ae8                HAL_ETH_TxCpltCallback
 .text.HAL_ETH_ErrorCallback
                0x0000000008000aea        0x2 Drivers/STM32F4xx_HAL_Driver/Src/stm32f4xx_hal_eth.o
                0x0000000008000aea                HAL_ETH_ErrorCallback
 .text.HAL_ETH_IRQHandler
                0x0000000008000aec       0x8c Drivers/STM32F4xx_HAL_Driver/Src/stm32f4xx_hal_eth.o
                0x0000000008000aec                HAL_ETH_IRQHandler
 .text.HAL_ETH_ReadPHYRegister
                0x0000000008000b78       0x78 Drivers/STM32F4xx_HAL_Driver/Src/stm32f4xx_hal_eth.o
                0x0000000008000b78                HAL_ETH_ReadPHYRegister
 .text.HAL_ETH_WritePHYRegister
                0x0000000008000bf0       0x74 Drivers/STM32F4xx_HAL_Driver/Src/stm32f4xx_hal_eth.o
                0x0000000008000bf0                HAL_ETH_WritePHYRegister
 .text.HAL_ETH_Init
                0x0000000008000c64      0x258 Drivers/STM32F4xx_HAL_Driver/Src/stm32f4xx_hal_eth.o
                0x0000000008000c64                HAL_ETH_Init
 .text.HAL_ETH_Start
                0x0000000008000ebc       0x44 Drivers/STM32F4xx_HAL_Driver/Src/stm32f4xx_hal_eth.o
                0x0000000008000ebc                HAL_ETH_Start
 .text.HAL_GPIO_Init
                0x0000000008000f00      0x1e4 Drivers/STM32F4xx_HAL_Driver/Src/stm32f4xx_hal_gpio.o
                0x0000000008000f00                HAL_GPIO_Init
 .text.HAL_GPIO_WritePin
                0x00000000080010e4        0xc Drivers/STM32F4xx_HAL_Driver/Src/stm32f4xx_hal_gpio.o
                0x00000000080010e4                HAL_GPIO_WritePin
 .text.HAL_PCD_Init
                0x00000000080010f0      0x122 Drivers/STM32F4xx_HAL_Driver/Src/stm32f4xx_hal_pcd.o
                0x00000000080010f0                HAL_PCD_Init
 *fill*         0x0000000008001212        0x2 
 .text.HAL_RCC_OscConfig
                0x0000000008001214      0x398 Drivers/STM32F4xx_HAL_Driver/Src/stm32f4xx_hal_rcc.o
                0x0000000008001214                HAL_RCC_OscConfig
 .text.HAL_RCC_GetSysClockFreq
                0x00000000080015ac       0xd4 Drivers/STM32F4xx_HAL_Driver/Src/stm32f4xx_hal_rcc.o
                0x00000000080015ac                HAL_RCC_GetSysClockFreq
 .text.HAL_RCC_ClockConfig
                0x0000000008001680      0x158 Drivers/STM32F4xx_HAL_Driver/Src/stm32f4xx_hal_rcc.o
                0x0000000008001680                HAL_RCC_ClockConfig
 .text.HAL_RCC_GetHCLKFreq
                0x00000000080017d8        0xc Drivers/STM32F4xx_HAL_Driver/Src/stm32f4xx_hal_rcc.o
                0x00000000080017d8                HAL_RCC_GetHCLKFreq
 .text.HAL_RCC_GetPCLK1Freq
                0x00000000080017e4       0x20 Drivers/STM32F4xx_HAL_Driver/Src/stm32f4xx_hal_rcc.o
                0x00000000080017e4                HAL_RCC_GetPCLK1Freq
 .text.HAL_RCC_GetPCLK2Freq
                0x0000000008001804       0x20 Drivers/STM32F4xx_HAL_Driver/Src/stm32f4xx_hal_rcc.o
                0x0000000008001804                HAL_RCC_GetPCLK2Freq
 .text.HAL_RCC_GetClockConfig
                0x0000000008001824       0x3c Drivers/STM32F4xx_HAL_Driver/Src/stm32f4xx_hal_rcc.o
                0x0000000008001824                HAL_RCC_GetClockConfig
 .text.HAL_TIM_Base_MspInit
                0x0000000008001860        0x2 Drivers/STM32F4xx_HAL_Driver/Src/stm32f4xx_hal_tim.o
                0x0000000008001860                HAL_TIM_Base_MspInit
 .text.HAL_TIM_Base_Start_IT
                0x0000000008001862       0x22 Drivers/STM32F4xx_HAL_Driver/Src/stm32f4xx_hal_tim.o
                0x0000000008001862                HAL_TIM_Base_Start_IT
 .text.HAL_TIM_OC_DelayElapsedCallback
                0x0000000008001884        0x2 Drivers/STM32F4xx_HAL_Driver/Src/stm32f4xx_hal_tim.o
                0x0000000008001884                HAL_TIM_OC_DelayElapsedCallback
 .text.HAL_TIM_IC_CaptureCallback
                0x0000000008001886        0x2 Drivers/STM32F4xx_HAL_Driver/Src/stm32f4xx_hal_tim.o
                0x0000000008001886                HAL_TIM_IC_CaptureCallback
 .text.HAL_TIM_PWM_PulseFinishedCallback
                0x0000000008001888        0x2 Drivers/STM32F4xx_HAL_Driver/Src/stm32f4xx_hal_tim.o
                0x0000000008001888                HAL_TIM_PWM_PulseFinishedCallback
 .text.HAL_TIM_TriggerCallback
                0x000000000800188a        0x2 Drivers/STM32F4xx_HAL_Driver/Src/stm32f4xx_hal_tim.o
                0x000000000800188a                HAL_TIM_TriggerCallback
 .text.HAL_TIM_IRQHandler
                0x000000000800188c      0x17a Drivers/STM32F4xx_HAL_Driver/Src/stm32f4xx_hal_tim.o
                0x000000000800188c                HAL_TIM_IRQHandler
 *fill*         0x0000000008001a06        0x2 
 .text.TIM_Base_SetConfig
                0x0000000008001a08       0xcc Drivers/STM32F4xx_HAL_Driver/Src/stm32f4xx_hal_tim.o
                0x0000000008001a08                TIM_Base_SetConfig
 .text.HAL_TIM_Base_Init
                0x0000000008001ad4       0x32 Drivers/STM32F4xx_HAL_Driver/Src/stm32f4xx_hal_tim.o
                0x0000000008001ad4                HAL_TIM_Base_Init
 .text.HAL_TIMEx_CommutCallback
                0x0000000008001b06        0x2 Drivers/STM32F4xx_HAL_Driver/Src/stm32f4xx_hal_tim_ex.o
                0x0000000008001b06                HAL_TIMEx_CommutCallback
 .text.HAL_TIMEx_BreakCallback
                0x0000000008001b08        0x2 Drivers/STM32F4xx_HAL_Driver/Src/stm32f4xx_hal_tim_ex.o
                0x0000000008001b08                HAL_TIMEx_BreakCallback
 *fill*         0x0000000008001b0a        0x2 
 .text.UART_SetConfig
                0x0000000008001b0c      0x344 Drivers/STM32F4xx_HAL_Driver/Src/stm32f4xx_hal_uart.o
 .text.HAL_UART_Init
                0x0000000008001e50       0x5e Drivers/STM32F4xx_HAL_Driver/Src/stm32f4xx_hal_uart.o
                0x0000000008001e50                HAL_UART_Init
 *fill*         0x0000000008001eae        0x2 
 .text.USB_CoreReset
                0x0000000008001eb0       0x3c Drivers/STM32F4xx_HAL_Driver/Src/stm32f4xx_ll_usb.o
 .text.USB_CoreInit
                0x0000000008001eec       0x8a Drivers/STM32F4xx_HAL_Driver/Src/stm32f4xx_ll_usb.o
                0x0000000008001eec                USB_CoreInit
 .text.USB_DisableGlobalInt
                0x0000000008001f76        0xc Drivers/STM32F4xx_HAL_Driver/Src/stm32f4xx_ll_usb.o
                0x0000000008001f76                USB_DisableGlobalInt
 .text.USB_SetCurrentMode
                0x0000000008001f82       0x30 Drivers/STM32F4xx_HAL_Driver/Src/stm32f4xx_ll_usb.o
                0x0000000008001f82                USB_SetCurrentMode
 *fill*         0x0000000008001fb2        0x2 
 .text.USB_FlushTxFifo
                0x0000000008001fb4       0x28 Drivers/STM32F4xx_HAL_Driver/Src/stm32f4xx_ll_usb.o
                0x0000000008001fb4                USB_FlushTxFifo
 .text.USB_FlushRxFifo
                0x0000000008001fdc       0x24 Drivers/STM32F4xx_HAL_Driver/Src/stm32f4xx_ll_usb.o
                0x0000000008001fdc                USB_FlushRxFifo
 .text.USB_SetDevSpeed
                0x0000000008002000        0xe Drivers/STM32F4xx_HAL_Driver/Src/stm32f4xx_ll_usb.o
                0x0000000008002000                USB_SetDevSpeed
 *fill*         0x000000000800200e        0x2 
 .text.USB_DevInit
                0x0000000008002010      0x1a0 Drivers/STM32F4xx_HAL_Driver/Src/stm32f4xx_ll_usb.o
                0x0000000008002010                USB_DevInit
 .text.USB_DevDisconnect
                0x00000000080021b0       0x18 Drivers/STM32F4xx_HAL_Driver/Src/stm32f4xx_ll_usb.o
                0x00000000080021b0                USB_DevDisconnect
 .text.makeFreeRtosPriority
                0x00000000080021c8        0xc Middlewares/Third_Party/FreeRTOS/Source/CMSIS_RTOS/cmsis_os.o
 .text.inHandlerMode
                0x00000000080021d4        0xc Middlewares/Third_Party/FreeRTOS/Source/CMSIS_RTOS/cmsis_os.o
 .text.osKernelStart
                0x00000000080021e0        0xa Middlewares/Third_Party/FreeRTOS/Source/CMSIS_RTOS/cmsis_os.o
                0x00000000080021e0                osKernelStart
 .text.osKernelSysTick
                0x00000000080021ea       0x14 Middlewares/Third_Party/FreeRTOS/Source/CMSIS_RTOS/cmsis_os.o
                0x00000000080021ea                osKernelSysTick
 .text.osThreadCreate
                0x00000000080021fe       0x6a Middlewares/Third_Party/FreeRTOS/Source/CMSIS_RTOS/cmsis_os.o
                0x00000000080021fe                osThreadCreate
 .text.osDelay  0x0000000008002268       0x12 Middlewares/Third_Party/FreeRTOS/Source/CMSIS_RTOS/cmsis_os.o
                0x0000000008002268                osDelay
 .text.osMutexCreate
                0x000000000800227a       0x16 Middlewares/Third_Party/FreeRTOS/Source/CMSIS_RTOS/cmsis_os.o
                0x000000000800227a                osMutexCreate
 .text.osMutexWait
                0x0000000008002290       0x70 Middlewares/Third_Party/FreeRTOS/Source/CMSIS_RTOS/cmsis_os.o
                0x0000000008002290                osMutexWait
 .text.osMutexRelease
                0x0000000008002300       0x5c Middlewares/Third_Party/FreeRTOS/Source/CMSIS_RTOS/cmsis_os.o
                0x0000000008002300                osMutexRelease
 .text.osSemaphoreCreate
                0x000000000800235c       0x4a Middlewares/Third_Party/FreeRTOS/Source/CMSIS_RTOS/cmsis_os.o
                0x000000000800235c                osSemaphoreCreate
 *fill*         0x00000000080023a6        0x2 
 .text.osSemaphoreWait
                0x00000000080023a8       0x70 Middlewares/Third_Party/FreeRTOS/Source/CMSIS_RTOS/cmsis_os.o
                0x00000000080023a8                osSemaphoreWait
 .text.osSemaphoreRelease
                0x0000000008002418       0x5c Middlewares/Third_Party/FreeRTOS/Source/CMSIS_RTOS/cmsis_os.o
                0x0000000008002418                osSemaphoreRelease
 .text.osSemaphoreDelete
                0x0000000008002474       0x18 Middlewares/Third_Party/FreeRTOS/Source/CMSIS_RTOS/cmsis_os.o
                0x0000000008002474                osSemaphoreDelete
 .text.osMessageCreate
                0x000000000800248c       0x28 Middlewares/Third_Party/FreeRTOS/Source/CMSIS_RTOS/cmsis_os.o
                0x000000000800248c                osMessageCreate
 .text.osMessagePut
                0x00000000080024b4       0x68 Middlewares/Third_Party/FreeRTOS/Source/CMSIS_RTOS/cmsis_os.o
                0x00000000080024b4                osMessagePut
 .text.osMessageGet
                0x000000000800251c       0x9c Middlewares/Third_Party/FreeRTOS/Source/CMSIS_RTOS/cmsis_os.o
                0x000000000800251c                osMessageGet
 .text.osMessageWaiting
                0x00000000080025b8       0x1a Middlewares/Third_Party/FreeRTOS/Source/CMSIS_RTOS/cmsis_os.o
                0x00000000080025b8                osMessageWaiting
 .text.osMessageDelete
                0x00000000080025d2       0x18 Middlewares/Third_Party/FreeRTOS/Source/CMSIS_RTOS/cmsis_os.o
                0x00000000080025d2                osMessageDelete
 .text.vListInitialise
                0x00000000080025ea       0x16 Middlewares/Third_Party/FreeRTOS/Source/list.o
                0x00000000080025ea                vListInitialise
 .text.vListInitialiseItem
                0x0000000008002600        0x6 Middlewares/Third_Party/FreeRTOS/Source/list.o
                0x0000000008002600                vListInitialiseItem
 .text.vListInsertEnd
                0x0000000008002606       0x18 Middlewares/Third_Party/FreeRTOS/Source/list.o
                0x0000000008002606                vListInsertEnd
 .text.vListInsert
                0x000000000800261e       0x34 Middlewares/Third_Party/FreeRTOS/Source/list.o
                0x000000000800261e                vListInsert
 .text.uxListRemove
                0x0000000008002652       0x28 Middlewares/Third_Party/FreeRTOS/Source/list.o
                0x0000000008002652                uxListRemove
 *fill*         0x000000000800267a        0x2 
 .text.prvTaskExitError
                0x000000000800267c       0x40 Middlewares/Third_Party/FreeRTOS/Source/portable/GCC/ARM_CM4F/port.o
 .text.prvPortStartFirstTask
                0x00000000080026bc       0x28 Middlewares/Third_Party/FreeRTOS/Source/portable/GCC/ARM_CM4F/port.o
 .text.vPortEnableVFP
                0x00000000080026e4       0x14 Middlewares/Third_Party/FreeRTOS/Source/portable/GCC/ARM_CM4F/port.o
 .text.pxPortInitialiseStack
                0x00000000080026f8       0x2c Middlewares/Third_Party/FreeRTOS/Source/portable/GCC/ARM_CM4F/port.o
                0x00000000080026f8                pxPortInitialiseStack
 *fill*         0x0000000008002724        0xc 
 .text.SVC_Handler
                0x0000000008002730       0x24 Middlewares/Third_Party/FreeRTOS/Source/portable/GCC/ARM_CM4F/port.o
                0x0000000008002730                SVC_Handler
 .text.vPortEnterCritical
                0x0000000008002754       0x44 Middlewares/Third_Party/FreeRTOS/Source/portable/GCC/ARM_CM4F/port.o
                0x0000000008002754                vPortEnterCritical
 .text.vPortExitCritical
                0x0000000008002798       0x2c Middlewares/Third_Party/FreeRTOS/Source/portable/GCC/ARM_CM4F/port.o
                0x0000000008002798                vPortExitCritical
 *fill*         0x00000000080027c4        0xc 
 .text.PendSV_Handler
                0x00000000080027d0       0x64 Middlewares/Third_Party/FreeRTOS/Source/portable/GCC/ARM_CM4F/port.o
                0x00000000080027d0                PendSV_Handler
 .text.SysTick_Handler
                0x0000000008002834       0x2c Middlewares/Third_Party/FreeRTOS/Source/portable/GCC/ARM_CM4F/port.o
                0x0000000008002834                SysTick_Handler
 .text.vPortSetupTimerInterrupt
                0x0000000008002860       0x38 Middlewares/Third_Party/FreeRTOS/Source/portable/GCC/ARM_CM4F/port.o
                0x0000000008002860                vPortSetupTimerInterrupt
 .text.xPortStartScheduler
                0x0000000008002898      0x110 Middlewares/Third_Party/FreeRTOS/Source/portable/GCC/ARM_CM4F/port.o
                0x0000000008002898                xPortStartScheduler
 .text.vPortValidateInterruptPriority
                0x00000000080029a8       0x5c Middlewares/Third_Party/FreeRTOS/Source/portable/GCC/ARM_CM4F/port.o
                0x00000000080029a8                vPortValidateInterruptPriority
 .text.prvHeapInit
                0x0000000008002a04       0x64 Middlewares/Third_Party/FreeRTOS/Source/portable/MemMang/heap_4.o
 .text.prvInsertBlockIntoFreeList
                0x0000000008002a68       0x58 Middlewares/Third_Party/FreeRTOS/Source/portable/MemMang/heap_4.o
 .text.pvPortMalloc
                0x0000000008002ac0      0x108 Middlewares/Third_Party/FreeRTOS/Source/portable/MemMang/heap_4.o
                0x0000000008002ac0                pvPortMalloc
 .text.vPortFree
                0x0000000008002bc8       0x70 Middlewares/Third_Party/FreeRTOS/Source/portable/MemMang/heap_4.o
                0x0000000008002bc8                vPortFree
 .text.prvGetDisinheritPriorityAfterTimeout
                0x0000000008002c38       0x12 Middlewares/Third_Party/FreeRTOS/Source/queue.o
 .text.prvIsQueueFull
                0x0000000008002c4a       0x1e Middlewares/Third_Party/FreeRTOS/Source/queue.o
 .text.prvIsQueueEmpty
                0x0000000008002c68       0x1a Middlewares/Third_Party/FreeRTOS/Source/queue.o
 .text.prvCopyDataToQueue
                0x0000000008002c82       0x76 Middlewares/Third_Party/FreeRTOS/Source/queue.o
 .text.prvCopyDataFromQueue
                0x0000000008002cf8       0x24 Middlewares/Third_Party/FreeRTOS/Source/queue.o
 .text.prvUnlockQueue
                0x0000000008002d1c       0x6e Middlewares/Third_Party/FreeRTOS/Source/queue.o
 .text.xQueueGenericReset
                0x0000000008002d8a       0x6a Middlewares/Third_Party/FreeRTOS/Source/queue.o
                0x0000000008002d8a                xQueueGenericReset
 .text.prvInitialiseNewQueue
                0x0000000008002df4       0x1c Middlewares/Third_Party/FreeRTOS/Source/queue.o
 .text.xQueueGenericCreateStatic
                0x0000000008002e10       0xa0 Middlewares/Third_Party/FreeRTOS/Source/queue.o
                0x0000000008002e10                xQueueGenericCreateStatic
 .text.xQueueGenericCreate
                0x0000000008002eb0       0x4e Middlewares/Third_Party/FreeRTOS/Source/queue.o
                0x0000000008002eb0                xQueueGenericCreate
 *fill*         0x0000000008002efe        0x2 
 .text.xQueueGenericSend
                0x0000000008002f00      0x160 Middlewares/Third_Party/FreeRTOS/Source/queue.o
                0x0000000008002f00                xQueueGenericSend
 .text.prvInitialiseMutex
                0x0000000008003060       0x18 Middlewares/Third_Party/FreeRTOS/Source/queue.o
 .text.xQueueCreateMutex
                0x0000000008003078       0x16 Middlewares/Third_Party/FreeRTOS/Source/queue.o
                0x0000000008003078                xQueueCreateMutex
 .text.xQueueCreateMutexStatic
                0x000000000800308e       0x1e Middlewares/Third_Party/FreeRTOS/Source/queue.o
                0x000000000800308e                xQueueCreateMutexStatic
 .text.xQueueGenericSendFromISR
                0x00000000080030ac       0xde Middlewares/Third_Party/FreeRTOS/Source/queue.o
                0x00000000080030ac                xQueueGenericSendFromISR
 .text.xQueueGiveFromISR
                0x000000000800318a       0xbc Middlewares/Third_Party/FreeRTOS/Source/queue.o
                0x000000000800318a                xQueueGiveFromISR
 *fill*         0x0000000008003246        0x2 
 .text.xQueueReceive
                0x0000000008003248      0x14c Middlewares/Third_Party/FreeRTOS/Source/queue.o
                0x0000000008003248                xQueueReceive
 .text.xQueueSemaphoreTake
                0x0000000008003394      0x190 Middlewares/Third_Party/FreeRTOS/Source/queue.o
                0x0000000008003394                xQueueSemaphoreTake
 .text.xQueueReceiveFromISR
                0x0000000008003524       0xb6 Middlewares/Third_Party/FreeRTOS/Source/queue.o
                0x0000000008003524                xQueueReceiveFromISR
 .text.uxQueueMessagesWaiting
                0x00000000080035da       0x26 Middlewares/Third_Party/FreeRTOS/Source/queue.o
                0x00000000080035da                uxQueueMessagesWaiting
 .text.uxQueueMessagesWaitingFromISR
                0x0000000008003600       0x18 Middlewares/Third_Party/FreeRTOS/Source/queue.o
                0x0000000008003600                uxQueueMessagesWaitingFromISR
 .text.vQueueUnregisterQueue
                0x0000000008003618       0x2c Middlewares/Third_Party/FreeRTOS/Source/queue.o
                0x0000000008003618                vQueueUnregisterQueue
 .text.vQueueDelete
                0x0000000008003644       0x2a Middlewares/Third_Party/FreeRTOS/Source/queue.o
                0x0000000008003644                vQueueDelete
 *fill*         0x000000000800366e        0x2 
 .text.prvResetNextTaskUnblockTime
                0x0000000008003670       0x34 Middlewares/Third_Party/FreeRTOS/Source/tasks.o
 .text.prvInitialiseNewTask
                0x00000000080036a4       0x80 Middlewares/Third_Party/FreeRTOS/Source/tasks.o
 .text.prvInitialiseTaskLists
                0x0000000008003724       0x68 Middlewares/Third_Party/FreeRTOS/Source/tasks.o
 .text.prvAddNewTaskToReadyList
                0x000000000800378c       0x8c Middlewares/Third_Party/FreeRTOS/Source/tasks.o
 .text.prvDeleteTCB
                0x0000000008003818       0x3a Middlewares/Third_Party/FreeRTOS/Source/tasks.o
 *fill*         0x0000000008003852        0x2 
 .text.prvCheckTasksWaitingTermination
                0x0000000008003854       0x4c Middlewares/Third_Party/FreeRTOS/Source/tasks.o
 .text.prvIdleTask
                0x00000000080038a0       0x1c Middlewares/Third_Party/FreeRTOS/Source/tasks.o
 .text.prvAddCurrentTaskToDelayedList
                0x00000000080038bc       0x98 Middlewares/Third_Party/FreeRTOS/Source/tasks.o
 .text.xTaskCreateStatic
                0x0000000008003954       0x72 Middlewares/Third_Party/FreeRTOS/Source/tasks.o
                0x0000000008003954                xTaskCreateStatic
 .text.xTaskCreate
                0x00000000080039c6       0x66 Middlewares/Third_Party/FreeRTOS/Source/tasks.o
                0x00000000080039c6                xTaskCreate
 .text.vTaskStartScheduler
                0x0000000008003a2c       0x78 Middlewares/Third_Party/FreeRTOS/Source/tasks.o
                0x0000000008003a2c                vTaskStartScheduler
 .text.vTaskSuspendAll
                0x0000000008003aa4       0x10 Middlewares/Third_Party/FreeRTOS/Source/tasks.o
                0x0000000008003aa4                vTaskSuspendAll
 .text.xTaskGetTickCount
                0x0000000008003ab4        0xc Middlewares/Third_Party/FreeRTOS/Source/tasks.o
                0x0000000008003ab4                xTaskGetTickCount
 .text.xTaskGetTickCountFromISR
                0x0000000008003ac0       0x10 Middlewares/Third_Party/FreeRTOS/Source/tasks.o
                0x0000000008003ac0                xTaskGetTickCountFromISR
 .text.xTaskIncrementTick
                0x0000000008003ad0       0xec Middlewares/Third_Party/FreeRTOS/Source/tasks.o
                0x0000000008003ad0                xTaskIncrementTick
 .text.xTaskResumeAll
                0x0000000008003bbc       0xd8 Middlewares/Third_Party/FreeRTOS/Source/tasks.o
                0x0000000008003bbc                xTaskResumeAll
 .text.vTaskDelay
                0x0000000008003c94       0x50 Middlewares/Third_Party/FreeRTOS/Source/tasks.o
                0x0000000008003c94                vTaskDelay
 .text.vTaskSwitchContext
                0x0000000008003ce4       0x9c Middlewares/Third_Party/FreeRTOS/Source/tasks.o
                0x0000000008003ce4                vTaskSwitchContext
 .text.vTaskPlaceOnEventList
                0x0000000008003d80       0x30 Middlewares/Third_Party/FreeRTOS/Source/tasks.o
                0x0000000008003d80                vTaskPlaceOnEventList
 .text.xTaskRemoveFromEventList
                0x0000000008003db0       0x8c Middlewares/Third_Party/FreeRTOS/Source/tasks.o
                0x0000000008003db0                xTaskRemoveFromEventList
 .text.vTaskInternalSetTimeOutState
                0x0000000008003e3c       0x18 Middlewares/Third_Party/FreeRTOS/Source/tasks.o
                0x0000000008003e3c                vTaskInternalSetTimeOutState
 .text.xTaskCheckForTimeOut
                0x0000000008003e54       0x80 Middlewares/Third_Party/FreeRTOS/Source/tasks.o
                0x0000000008003e54                xTaskCheckForTimeOut
 .text.vTaskMissedYield
                0x0000000008003ed4        0xc Middlewares/Third_Party/FreeRTOS/Source/tasks.o
                0x0000000008003ed4                vTaskMissedYield
 .text.xTaskGetSchedulerState
                0x0000000008003ee0       0x20 Middlewares/Third_Party/FreeRTOS/Source/tasks.o
                0x0000000008003ee0                xTaskGetSchedulerState
 .text.xTaskPriorityInherit
                0x0000000008003f00       0xc0 Middlewares/Third_Party/FreeRTOS/Source/tasks.o
                0x0000000008003f00                xTaskPriorityInherit
 .text.xTaskPriorityDisinherit
                0x0000000008003fc0       0xb4 Middlewares/Third_Party/FreeRTOS/Source/tasks.o
                0x0000000008003fc0                xTaskPriorityDisinherit
 .text.vTaskPriorityDisinheritAfterTimeout
                0x0000000008004074       0xcc Middlewares/Third_Party/FreeRTOS/Source/tasks.o
                0x0000000008004074                vTaskPriorityDisinheritAfterTimeout
 .text.pvTaskIncrementMutexHeldCount
                0x0000000008004140       0x1c Middlewares/Third_Party/FreeRTOS/Source/tasks.o
                0x0000000008004140                pvTaskIncrementMutexHeldCount
 .text.netconn_apimsg
                0x000000000800415c       0x18 Middlewares/Third_Party/LwIP/src/api/api_lib.o
 .text.netconn_close_shutdown
                0x0000000008004174       0x44 Middlewares/Third_Party/LwIP/src/api/api_lib.o
 .text.netconn_recv_data
                0x00000000080041b8      0x140 Middlewares/Third_Party/LwIP/src/api/api_lib.o
 .text.netconn_new_with_proto_and_callback
                0x00000000080042f8       0xb8 Middlewares/Third_Party/LwIP/src/api/api_lib.o
                0x00000000080042f8                netconn_new_with_proto_and_callback
 .text.netconn_delete
                0x00000000080043b0       0x34 Middlewares/Third_Party/LwIP/src/api/api_lib.o
                0x00000000080043b0                netconn_delete
 .text.netconn_getaddr
                0x00000000080043e4       0x70 Middlewares/Third_Party/LwIP/src/api/api_lib.o
                0x00000000080043e4                netconn_getaddr
 .text.netconn_bind
                0x0000000008004454       0x4c Middlewares/Third_Party/LwIP/src/api/api_lib.o
                0x0000000008004454                netconn_bind
 .text.netconn_listen_with_backlog
                0x00000000080044a0       0x3c Middlewares/Third_Party/LwIP/src/api/api_lib.o
                0x00000000080044a0                netconn_listen_with_backlog
 .text.netconn_accept
                0x00000000080044dc       0xb8 Middlewares/Third_Party/LwIP/src/api/api_lib.o
                0x00000000080044dc                netconn_accept
 .text.netconn_recv_tcp_pbuf
                0x0000000008004594       0x34 Middlewares/Third_Party/LwIP/src/api/api_lib.o
                0x0000000008004594                netconn_recv_tcp_pbuf
 .text.netconn_recv
                0x00000000080045c8       0xb4 Middlewares/Third_Party/LwIP/src/api/api_lib.o
                0x00000000080045c8                netconn_recv
 .text.netconn_send
                0x000000000800467c       0x3c Middlewares/Third_Party/LwIP/src/api/api_lib.o
                0x000000000800467c                netconn_send
 .text.netconn_write_partly
                0x00000000080046b8       0xa8 Middlewares/Third_Party/LwIP/src/api/api_lib.o
                0x00000000080046b8                netconn_write_partly
 .text.recv_udp
                0x0000000008004760       0xd0 Middlewares/Third_Party/LwIP/src/api/api_msg.o
 .text.setup_tcp
                0x0000000008004830       0x40 Middlewares/Third_Party/LwIP/src/api/api_msg.o
 .text.pcb_new  0x0000000008004870       0x88 Middlewares/Third_Party/LwIP/src/api/api_msg.o
 .text.err_tcp  0x00000000080048f8      0x140 Middlewares/Third_Party/LwIP/src/api/api_msg.o
 .text.lwip_netconn_do_writemore
                0x0000000008004a38      0x204 Middlewares/Third_Party/LwIP/src/api/api_msg.o
 .text.lwip_netconn_do_close_internal
                0x0000000008004c3c      0x248 Middlewares/Third_Party/LwIP/src/api/api_msg.o
 .text.poll_tcp
                0x0000000008004e84       0x7c Middlewares/Third_Party/LwIP/src/api/api_msg.o
 .text.sent_tcp
                0x0000000008004f00       0x70 Middlewares/Third_Party/LwIP/src/api/api_msg.o
 .text.recv_tcp
                0x0000000008004f70       0xd0 Middlewares/Third_Party/LwIP/src/api/api_msg.o
 .text.lwip_netconn_do_newconn
                0x0000000008005040       0x3c Middlewares/Third_Party/LwIP/src/api/api_msg.o
                0x0000000008005040                lwip_netconn_do_newconn
 .text.netconn_alloc
                0x000000000800507c       0x8c Middlewares/Third_Party/LwIP/src/api/api_msg.o
                0x000000000800507c                netconn_alloc
 .text.netconn_free
                0x0000000008005108       0x78 Middlewares/Third_Party/LwIP/src/api/api_msg.o
                0x0000000008005108                netconn_free
 .text.netconn_drain
                0x0000000008005180       0xa4 Middlewares/Third_Party/LwIP/src/api/api_msg.o
 .text.accept_function
                0x0000000008005224      0x100 Middlewares/Third_Party/LwIP/src/api/api_msg.o
 .text.lwip_netconn_do_delconn
                0x0000000008005324      0x120 Middlewares/Third_Party/LwIP/src/api/api_msg.o
                0x0000000008005324                lwip_netconn_do_delconn
 .text.lwip_netconn_do_bind
                0x0000000008005444       0x6a Middlewares/Third_Party/LwIP/src/api/api_msg.o
                0x0000000008005444                lwip_netconn_do_bind
 *fill*         0x00000000080054ae        0x2 
 .text.lwip_netconn_do_listen
                0x00000000080054b0       0xf8 Middlewares/Third_Party/LwIP/src/api/api_msg.o
                0x00000000080054b0                lwip_netconn_do_listen
 .text.lwip_netconn_do_send
                0x00000000080055a8       0x6e Middlewares/Third_Party/LwIP/src/api/api_msg.o
                0x00000000080055a8                lwip_netconn_do_send
 .text.lwip_netconn_do_recv
                0x0000000008005616       0x60 Middlewares/Third_Party/LwIP/src/api/api_msg.o
                0x0000000008005616                lwip_netconn_do_recv
 *fill*         0x0000000008005676        0x2 
 .text.lwip_netconn_do_write
                0x0000000008005678       0xb4 Middlewares/Third_Party/LwIP/src/api/api_msg.o
                0x0000000008005678                lwip_netconn_do_write
 .text.lwip_netconn_do_getaddr
                0x000000000800572c       0xc4 Middlewares/Third_Party/LwIP/src/api/api_msg.o
                0x000000000800572c                lwip_netconn_do_getaddr
 .text.lwip_netconn_do_close
                0x00000000080057f0       0xa4 Middlewares/Third_Party/LwIP/src/api/api_msg.o
                0x00000000080057f0                lwip_netconn_do_close
 .text.err_to_errno
                0x0000000008005894       0x20 Middlewares/Third_Party/LwIP/src/api/err.o
                0x0000000008005894                err_to_errno
 .text.netbuf_delete
                0x00000000080058b4       0x20 Middlewares/Third_Party/LwIP/src/api/netbuf.o
                0x00000000080058b4                netbuf_delete
 .text.netbuf_free
                0x00000000080058d4       0x30 Middlewares/Third_Party/LwIP/src/api/netbuf.o
                0x00000000080058d4                netbuf_free
 .text.netbuf_ref
                0x0000000008005904       0x58 Middlewares/Third_Party/LwIP/src/api/netbuf.o
                0x0000000008005904                netbuf_ref
 .text.get_socket
                0x000000000800595c       0x3c Middlewares/Third_Party/LwIP/src/api/sockets.o
 .text.alloc_socket
                0x0000000008005998       0x7c Middlewares/Third_Party/LwIP/src/api/sockets.o
 .text.event_callback
                0x0000000008005a14      0x168 Middlewares/Third_Party/LwIP/src/api/sockets.o
 .text.free_socket
                0x0000000008005b7c       0x2e Middlewares/Third_Party/LwIP/src/api/sockets.o
 *fill*         0x0000000008005baa        0x2 
 .text.lwip_accept
                0x0000000008005bac      0x1d0 Middlewares/Third_Party/LwIP/src/api/sockets.o
                0x0000000008005bac                lwip_accept
 .text.lwip_bind
                0x0000000008005d7c       0x9c Middlewares/Third_Party/LwIP/src/api/sockets.o
                0x0000000008005d7c                lwip_bind
 .text.lwip_close
                0x0000000008005e18       0x78 Middlewares/Third_Party/LwIP/src/api/sockets.o
                0x0000000008005e18                lwip_close
 .text.lwip_listen
                0x0000000008005e90       0x64 Middlewares/Third_Party/LwIP/src/api/sockets.o
                0x0000000008005e90                lwip_listen
 .text.lwip_recvfrom
                0x0000000008005ef4      0x258 Middlewares/Third_Party/LwIP/src/api/sockets.o
                0x0000000008005ef4                lwip_recvfrom
 .text.lwip_recv
                0x000000000800614c       0x12 Middlewares/Third_Party/LwIP/src/api/sockets.o
                0x000000000800614c                lwip_recv
 *fill*         0x000000000800615e        0x2 
 .text.lwip_sendto
                0x0000000008006160      0x10c Middlewares/Third_Party/LwIP/src/api/sockets.o
                0x0000000008006160                lwip_sendto
 .text.lwip_send
                0x000000000800626c       0x8c Middlewares/Third_Party/LwIP/src/api/sockets.o
                0x000000000800626c                lwip_send
 .text.lwip_socket
                0x00000000080062f8       0x88 Middlewares/Third_Party/LwIP/src/api/sockets.o
                0x00000000080062f8                lwip_socket
 .text.tcpip_thread
                0x0000000008006380       0xb8 Middlewares/Third_Party/LwIP/src/api/tcpip.o
 .text.tcpip_inpkt
                0x0000000008006438       0x68 Middlewares/Third_Party/LwIP/src/api/tcpip.o
                0x0000000008006438                tcpip_inpkt
 .text.tcpip_input
                0x00000000080064a0       0x24 Middlewares/Third_Party/LwIP/src/api/tcpip.o
                0x00000000080064a0                tcpip_input
 .text.tcpip_callback_with_block
                0x00000000080064c4       0x74 Middlewares/Third_Party/LwIP/src/api/tcpip.o
                0x00000000080064c4                tcpip_callback_with_block
 .text.tcpip_send_msg_wait_sem
                0x0000000008006538       0x70 Middlewares/Third_Party/LwIP/src/api/tcpip.o
                0x0000000008006538                tcpip_send_msg_wait_sem
 .text.tcpip_init
                0x00000000080065a8       0x64 Middlewares/Third_Party/LwIP/src/api/tcpip.o
                0x00000000080065a8                tcpip_init
 .text.lwip_htons
                0x000000000800660c        0x6 Middlewares/Third_Party/LwIP/src/core/def.o
                0x000000000800660c                lwip_htons
 .text.lwip_htonl
                0x0000000008006612       0x18 Middlewares/Third_Party/LwIP/src/core/def.o
                0x0000000008006612                lwip_htonl
 .text.lwip_init
                0x000000000800662a       0x20 Middlewares/Third_Party/LwIP/src/core/init.o
                0x000000000800662a                lwip_init
 *fill*         0x000000000800664a        0x2 
 .text.etharp_free_entry
                0x000000000800664c       0x34 Middlewares/Third_Party/LwIP/src/core/ipv4/etharp.o
 .text.etharp_find_entry
                0x0000000008006680      0x1ac Middlewares/Third_Party/LwIP/src/core/ipv4/etharp.o
 .text.etharp_update_arp_entry
                0x000000000800682c       0xc8 Middlewares/Third_Party/LwIP/src/core/ipv4/etharp.o
 .text.etharp_raw
                0x00000000080068f4       0xe0 Middlewares/Third_Party/LwIP/src/core/ipv4/etharp.o
 .text.etharp_request_dst
                0x00000000080069d4       0x28 Middlewares/Third_Party/LwIP/src/core/ipv4/etharp.o
 .text.etharp_cleanup_netif
                0x00000000080069fc       0x38 Middlewares/Third_Party/LwIP/src/core/ipv4/etharp.o
                0x00000000080069fc                etharp_cleanup_netif
 .text.etharp_input
                0x0000000008006a34       0xb0 Middlewares/Third_Party/LwIP/src/core/ipv4/etharp.o
                0x0000000008006a34                etharp_input
 .text.etharp_request
                0x0000000008006ae4       0x10 Middlewares/Third_Party/LwIP/src/core/ipv4/etharp.o
                0x0000000008006ae4                etharp_request
 .text.etharp_tmr
                0x0000000008006af4       0x90 Middlewares/Third_Party/LwIP/src/core/ipv4/etharp.o
                0x0000000008006af4                etharp_tmr
 .text.etharp_output_to_arp_index
                0x0000000008006b84       0xd4 Middlewares/Third_Party/LwIP/src/core/ipv4/etharp.o
 .text.etharp_query
                0x0000000008006c58      0x1b0 Middlewares/Third_Party/LwIP/src/core/ipv4/etharp.o
                0x0000000008006c58                etharp_query
 .text.etharp_output
                0x0000000008006e08      0x158 Middlewares/Third_Party/LwIP/src/core/ipv4/etharp.o
                0x0000000008006e08                etharp_output
 .text.icmp_send_response
                0x0000000008006f60       0xac Middlewares/Third_Party/LwIP/src/core/ipv4/icmp.o
 .text.icmp_input
                0x000000000800700c      0x13c Middlewares/Third_Party/LwIP/src/core/ipv4/icmp.o
                0x000000000800700c                icmp_input
 .text.icmp_dest_unreach
                0x0000000008007148        0xc Middlewares/Third_Party/LwIP/src/core/ipv4/icmp.o
                0x0000000008007148                icmp_dest_unreach
 .text.icmp_time_exceeded
                0x0000000008007154        0xc Middlewares/Third_Party/LwIP/src/core/ipv4/icmp.o
                0x0000000008007154                icmp_time_exceeded
 .text.ip4_route
                0x0000000008007160       0xa0 Middlewares/Third_Party/LwIP/src/core/ipv4/ip4.o
                0x0000000008007160                ip4_route
 .text.ip4_input
                0x0000000008007200      0x1b8 Middlewares/Third_Party/LwIP/src/core/ipv4/ip4.o
                0x0000000008007200                ip4_input
 .text.ip4_output_if_src
                0x00000000080073b8       0xf4 Middlewares/Third_Party/LwIP/src/core/ipv4/ip4.o
                0x00000000080073b8                ip4_output_if_src
 .text.ip4_output_if
                0x00000000080074ac       0x2a Middlewares/Third_Party/LwIP/src/core/ipv4/ip4.o
                0x00000000080074ac                ip4_output_if
 .text.ip4_addr_isbroadcast_u32
                0x00000000080074d6       0x40 Middlewares/Third_Party/LwIP/src/core/ipv4/ip4_addr.o
                0x00000000080074d6                ip4_addr_isbroadcast_u32
 *fill*         0x0000000008007516        0x2 
 .text.ip_reass_dequeue_datagram
                0x0000000008007518       0x48 Middlewares/Third_Party/LwIP/src/core/ipv4/ip4_frag.o
 .text.ip_reass_free_complete_datagram
                0x0000000008007560      0x10c Middlewares/Third_Party/LwIP/src/core/ipv4/ip4_frag.o
 .text.ip_reass_remove_oldest_datagram
                0x000000000800766c       0x7c Middlewares/Third_Party/LwIP/src/core/ipv4/ip4_frag.o
 .text.ip_frag_free_pbuf_custom_ref
                0x00000000080076e8       0x2c Middlewares/Third_Party/LwIP/src/core/ipv4/ip4_frag.o
 .text.ipfrag_free_pbuf_custom
                0x0000000008007714       0x34 Middlewares/Third_Party/LwIP/src/core/ipv4/ip4_frag.o
 .text.ip_reass_chain_frag_into_datagram_and_validate
                0x0000000008007748      0x194 Middlewares/Third_Party/LwIP/src/core/ipv4/ip4_frag.o
 .text.ip_frag_alloc_pbuf_custom_ref
                0x00000000080078dc        0xa Middlewares/Third_Party/LwIP/src/core/ipv4/ip4_frag.o
 *fill*         0x00000000080078e6        0x2 
 .text.ip_reass_enqueue_new_datagram
                0x00000000080078e8       0x60 Middlewares/Third_Party/LwIP/src/core/ipv4/ip4_frag.o
 .text.ip_reass_tmr
                0x0000000008007948       0x2c Middlewares/Third_Party/LwIP/src/core/ipv4/ip4_frag.o
                0x0000000008007948                ip_reass_tmr
 .text.ip4_reass
                0x0000000008007974      0x1a8 Middlewares/Third_Party/LwIP/src/core/ipv4/ip4_frag.o
                0x0000000008007974                ip4_reass
 .text.ip4_frag
                0x0000000008007b1c      0x1ec Middlewares/Third_Party/LwIP/src/core/ipv4/ip4_frag.o
                0x0000000008007b1c                ip4_frag
 .text.plug_holes
                0x0000000008007d08       0xe0 Middlewares/Third_Party/LwIP/src/core/mem.o
 .text.mem_init
                0x0000000008007de8       0x68 Middlewares/Third_Party/LwIP/src/core/mem.o
                0x0000000008007de8                mem_init
 .text.mem_free
                0x0000000008007e50       0xbc Middlewares/Third_Party/LwIP/src/core/mem.o
                0x0000000008007e50                mem_free
 .text.mem_trim
                0x0000000008007f0c      0x138 Middlewares/Third_Party/LwIP/src/core/mem.o
                0x0000000008007f0c                mem_trim
 .text.mem_malloc
                0x0000000008008044      0x154 Middlewares/Third_Party/LwIP/src/core/mem.o
                0x0000000008008044                mem_malloc
 .text.do_memp_malloc_pool
                0x0000000008008198       0x48 Middlewares/Third_Party/LwIP/src/core/memp.o
 .text.do_memp_free_pool
                0x00000000080081e0       0x3c Middlewares/Third_Party/LwIP/src/core/memp.o
 .text.memp_init_pool
                0x000000000800821c       0x28 Middlewares/Third_Party/LwIP/src/core/memp.o
                0x000000000800821c                memp_init_pool
 .text.memp_init
                0x0000000008008244       0x20 Middlewares/Third_Party/LwIP/src/core/memp.o
                0x0000000008008244                memp_init
 .text.memp_malloc
                0x0000000008008264       0x34 Middlewares/Third_Party/LwIP/src/core/memp.o
                0x0000000008008264                memp_malloc
 .text.memp_free
                0x0000000008008298       0x34 Middlewares/Third_Party/LwIP/src/core/memp.o
                0x0000000008008298                memp_free
 .text.netif_issue_reports
                0x00000000080082cc       0x22 Middlewares/Third_Party/LwIP/src/core/netif.o
 .text.netif_init
                0x00000000080082ee        0x2 Middlewares/Third_Party/LwIP/src/core/netif.o
                0x00000000080082ee                netif_init
 .text.netif_set_ipaddr
                0x00000000080082f0       0x4c Middlewares/Third_Party/LwIP/src/core/netif.o
                0x00000000080082f0                netif_set_ipaddr
 .text.netif_set_gw
                0x000000000800833c        0xc Middlewares/Third_Party/LwIP/src/core/netif.o
                0x000000000800833c                netif_set_gw
 .text.netif_set_netmask
                0x0000000008008348        0xc Middlewares/Third_Party/LwIP/src/core/netif.o
                0x0000000008008348                netif_set_netmask
 .text.netif_set_addr
                0x0000000008008354       0x42 Middlewares/Third_Party/LwIP/src/core/netif.o
                0x0000000008008354                netif_set_addr
 *fill*         0x0000000008008396        0x2 
 .text.netif_add
                0x0000000008008398       0x80 Middlewares/Third_Party/LwIP/src/core/netif.o
                0x0000000008008398                netif_add
 .text.netif_set_default
                0x0000000008008418        0xc Middlewares/Third_Party/LwIP/src/core/netif.o
                0x0000000008008418                netif_set_default
 .text.netif_set_up
                0x0000000008008424       0x24 Middlewares/Third_Party/LwIP/src/core/netif.o
                0x0000000008008424                netif_set_up
 .text.netif_set_down
                0x0000000008008448       0x22 Middlewares/Third_Party/LwIP/src/core/netif.o
                0x0000000008008448                netif_set_down
 *fill*         0x000000000800846a        0x2 
 .text.pbuf_header_impl
                0x000000000800846c       0xd0 Middlewares/Third_Party/LwIP/src/core/pbuf.o
 .text.pbuf_pool_is_empty
                0x000000000800853c       0x40 Middlewares/Third_Party/LwIP/src/core/pbuf.o
 .text.pbuf_free_ooseq
                0x000000000800857c       0x34 Middlewares/Third_Party/LwIP/src/core/pbuf.o
 .text.pbuf_free_ooseq_callback
                0x00000000080085b0        0x8 Middlewares/Third_Party/LwIP/src/core/pbuf.o
 .text.pbuf_alloced_custom
                0x00000000080085b8       0x78 Middlewares/Third_Party/LwIP/src/core/pbuf.o
                0x00000000080085b8                pbuf_alloced_custom
 .text.pbuf_header
                0x0000000008008630        0xa Middlewares/Third_Party/LwIP/src/core/pbuf.o
                0x0000000008008630                pbuf_header
 .text.pbuf_header_force
                0x000000000800863a        0xa Middlewares/Third_Party/LwIP/src/core/pbuf.o
                0x000000000800863a                pbuf_header_force
 .text.pbuf_free
                0x0000000008008644       0xd8 Middlewares/Third_Party/LwIP/src/core/pbuf.o
                0x0000000008008644                pbuf_free
 .text.pbuf_alloc
                0x000000000800871c      0x1d0 Middlewares/Third_Party/LwIP/src/core/pbuf.o
                0x000000000800871c                pbuf_alloc
 .text.pbuf_realloc
                0x00000000080088ec       0xe4 Middlewares/Third_Party/LwIP/src/core/pbuf.o
                0x00000000080088ec                pbuf_realloc
 .text.pbuf_clen
                0x00000000080089d0       0x12 Middlewares/Third_Party/LwIP/src/core/pbuf.o
                0x00000000080089d0                pbuf_clen
 *fill*         0x00000000080089e2        0x2 
 .text.pbuf_ref
                0x00000000080089e4       0x38 Middlewares/Third_Party/LwIP/src/core/pbuf.o
                0x00000000080089e4                pbuf_ref
 .text.pbuf_cat
                0x0000000008008a1c       0x74 Middlewares/Third_Party/LwIP/src/core/pbuf.o
                0x0000000008008a1c                pbuf_cat
 .text.pbuf_chain
                0x0000000008008a90       0x10 Middlewares/Third_Party/LwIP/src/core/pbuf.o
                0x0000000008008a90                pbuf_chain
 .text.pbuf_copy
                0x0000000008008aa0      0x138 Middlewares/Third_Party/LwIP/src/core/pbuf.o
                0x0000000008008aa0                pbuf_copy
 .text.pbuf_copy_partial
                0x0000000008008bd8       0x8c Middlewares/Third_Party/LwIP/src/core/pbuf.o
                0x0000000008008bd8                pbuf_copy_partial
 .text.tcp_remove_listener
                0x0000000008008c64       0x14 Middlewares/Third_Party/LwIP/src/core/tcp.o
 .text.tcp_new_port
                0x0000000008008c78       0x64 Middlewares/Third_Party/LwIP/src/core/tcp.o
 .text.tcp_listen_closed
                0x0000000008008cdc       0x54 Middlewares/Third_Party/LwIP/src/core/tcp.o
 .text.tcp_close_shutdown_fin
                0x0000000008008d30       0x88 Middlewares/Third_Party/LwIP/src/core/tcp.o
 .text.tcp_init
                0x0000000008008db8        0x2 Middlewares/Third_Party/LwIP/src/core/tcp.o
                0x0000000008008db8                tcp_init
 *fill*         0x0000000008008dba        0x2 
 .text.tcp_bind
                0x0000000008008dbc       0xbc Middlewares/Third_Party/LwIP/src/core/tcp.o
                0x0000000008008dbc                tcp_bind
 .text.tcp_listen_with_backlog_and_err
                0x0000000008008e78       0xc0 Middlewares/Third_Party/LwIP/src/core/tcp.o
                0x0000000008008e78                tcp_listen_with_backlog_and_err
 .text.tcp_update_rcv_ann_wnd
                0x0000000008008f38       0x60 Middlewares/Third_Party/LwIP/src/core/tcp.o
                0x0000000008008f38                tcp_update_rcv_ann_wnd
 .text.tcp_recved
                0x0000000008008f98       0x84 Middlewares/Third_Party/LwIP/src/core/tcp.o
                0x0000000008008f98                tcp_recved
 .text.tcp_seg_free
                0x000000000800901c       0x1a Middlewares/Third_Party/LwIP/src/core/tcp.o
                0x000000000800901c                tcp_seg_free
 .text.tcp_segs_free
                0x0000000008009036       0x14 Middlewares/Third_Party/LwIP/src/core/tcp.o
                0x0000000008009036                tcp_segs_free
 .text.tcp_seg_copy
                0x000000000800904a       0x28 Middlewares/Third_Party/LwIP/src/core/tcp.o
                0x000000000800904a                tcp_seg_copy
 .text.tcp_arg  0x0000000008009072        0x6 Middlewares/Third_Party/LwIP/src/core/tcp.o
                0x0000000008009072                tcp_arg
 .text.tcp_recv
                0x0000000008009078       0x34 Middlewares/Third_Party/LwIP/src/core/tcp.o
                0x0000000008009078                tcp_recv
 .text.tcp_sent
                0x00000000080090ac       0x30 Middlewares/Third_Party/LwIP/src/core/tcp.o
                0x00000000080090ac                tcp_sent
 .text.tcp_err  0x00000000080090dc       0x34 Middlewares/Third_Party/LwIP/src/core/tcp.o
                0x00000000080090dc                tcp_err
 .text.tcp_accept
                0x0000000008009110        0xe Middlewares/Third_Party/LwIP/src/core/tcp.o
                0x0000000008009110                tcp_accept
 *fill*         0x000000000800911e        0x2 
 .text.tcp_poll
                0x0000000008009120       0x34 Middlewares/Third_Party/LwIP/src/core/tcp.o
                0x0000000008009120                tcp_poll
 .text.tcp_pcb_purge
                0x0000000008009154       0x42 Middlewares/Third_Party/LwIP/src/core/tcp.o
                0x0000000008009154                tcp_pcb_purge
 *fill*         0x0000000008009196        0x2 
 .text.tcp_slowtmr
                0x0000000008009198      0x404 Middlewares/Third_Party/LwIP/src/core/tcp.o
                0x0000000008009198                tcp_slowtmr
 .text.tcp_pcb_remove
                0x000000000800959c       0xa4 Middlewares/Third_Party/LwIP/src/core/tcp.o
                0x000000000800959c                tcp_pcb_remove
 .text.tcp_close_shutdown
                0x0000000008009640      0x154 Middlewares/Third_Party/LwIP/src/core/tcp.o
 .text.tcp_close
                0x0000000008009794       0x18 Middlewares/Third_Party/LwIP/src/core/tcp.o
                0x0000000008009794                tcp_close
 .text.tcp_recv_null
                0x00000000080097ac       0x24 Middlewares/Third_Party/LwIP/src/core/tcp.o
                0x00000000080097ac                tcp_recv_null
 .text.tcp_process_refused_data
                0x00000000080097d0       0x6e Middlewares/Third_Party/LwIP/src/core/tcp.o
                0x00000000080097d0                tcp_process_refused_data
 *fill*         0x000000000800983e        0x2 
 .text.tcp_fasttmr
                0x0000000008009840       0x80 Middlewares/Third_Party/LwIP/src/core/tcp.o
                0x0000000008009840                tcp_fasttmr
 .text.tcp_tmr  0x00000000080098c0       0x24 Middlewares/Third_Party/LwIP/src/core/tcp.o
                0x00000000080098c0                tcp_tmr
 .text.tcp_shutdown
                0x00000000080098e4       0x58 Middlewares/Third_Party/LwIP/src/core/tcp.o
                0x00000000080098e4                tcp_shutdown
 .text.tcp_abandon
                0x000000000800993c       0xf8 Middlewares/Third_Party/LwIP/src/core/tcp.o
                0x000000000800993c                tcp_abandon
 .text.tcp_abort
                0x0000000008009a34        0xa Middlewares/Third_Party/LwIP/src/core/tcp.o
                0x0000000008009a34                tcp_abort
 .text.tcp_accept_null
                0x0000000008009a3e        0xe Middlewares/Third_Party/LwIP/src/core/tcp.o
 .text.tcp_kill_timewait
                0x0000000008009a4c       0x34 Middlewares/Third_Party/LwIP/src/core/tcp.o
 .text.tcp_kill_prio
                0x0000000008009a80       0x44 Middlewares/Third_Party/LwIP/src/core/tcp.o
 .text.tcp_netif_ip_addr_changed_pcblist
                0x0000000008009ac4       0x20 Middlewares/Third_Party/LwIP/src/core/tcp.o
 .text.tcp_kill_state
                0x0000000008009ae4       0x60 Middlewares/Third_Party/LwIP/src/core/tcp.o
 .text.tcp_alloc
                0x0000000008009b44       0xc0 Middlewares/Third_Party/LwIP/src/core/tcp.o
                0x0000000008009b44                tcp_alloc
 .text.tcp_new_ip_type
                0x0000000008009c04        0xa Middlewares/Third_Party/LwIP/src/core/tcp.o
                0x0000000008009c04                tcp_new_ip_type
 *fill*         0x0000000008009c0e        0x2 
 .text.tcp_next_iss
                0x0000000008009c10       0x18 Middlewares/Third_Party/LwIP/src/core/tcp.o
                0x0000000008009c10                tcp_next_iss
 .text.tcp_eff_send_mss_impl
                0x0000000008009c28       0x24 Middlewares/Third_Party/LwIP/src/core/tcp.o
                0x0000000008009c28                tcp_eff_send_mss_impl
 .text.tcp_netif_ip_addr_changed
                0x0000000008009c4c       0x54 Middlewares/Third_Party/LwIP/src/core/tcp.o
                0x0000000008009c4c                tcp_netif_ip_addr_changed
 .text.tcp_getoptbyte
                0x0000000008009ca0       0x4c Middlewares/Third_Party/LwIP/src/core/tcp_in.o
 .text.tcp_parseopt
                0x0000000008009cec       0x88 Middlewares/Third_Party/LwIP/src/core/tcp_in.o
 .text.tcp_input_delayed_close
                0x0000000008009d74       0x44 Middlewares/Third_Party/LwIP/src/core/tcp_in.o
 .text.tcp_timewait_input
                0x0000000008009db8       0x90 Middlewares/Third_Party/LwIP/src/core/tcp_in.o
 .text.tcp_listen_input
                0x0000000008009e48      0x118 Middlewares/Third_Party/LwIP/src/core/tcp_in.o
 .text.tcp_oos_insert_segment
                0x0000000008009f60       0x84 Middlewares/Third_Party/LwIP/src/core/tcp_in.o
 .text.tcp_receive
                0x0000000008009fe4      0xa48 Middlewares/Third_Party/LwIP/src/core/tcp_in.o
 .text.tcp_process
                0x000000000800aa2c      0x538 Middlewares/Third_Party/LwIP/src/core/tcp_in.o
 .text.tcp_input
                0x000000000800af64      0x534 Middlewares/Third_Party/LwIP/src/core/tcp_in.o
                0x000000000800af64                tcp_input
 .text.tcp_trigger_input_pcb_close
                0x000000000800b498       0x10 Middlewares/Third_Party/LwIP/src/core/tcp_in.o
                0x000000000800b498                tcp_trigger_input_pcb_close
 .text.tcp_write_checks
                0x000000000800b4a8       0xa4 Middlewares/Third_Party/LwIP/src/core/tcp_out.o
 .text.tcp_pbuf_prealloc
                0x000000000800b54c       0x80 Middlewares/Third_Party/LwIP/src/core/tcp_out.o
 .text.tcp_create_segment
                0x000000000800b5cc       0xc0 Middlewares/Third_Party/LwIP/src/core/tcp_out.o
 .text.tcp_output_alloc_header
                0x000000000800b68c       0x94 Middlewares/Third_Party/LwIP/src/core/tcp_out.o
 .text.tcp_output_segment
                0x000000000800b720       0xbc Middlewares/Third_Party/LwIP/src/core/tcp_out.o
 .text.tcp_write
                0x000000000800b7dc      0x53c Middlewares/Third_Party/LwIP/src/core/tcp_out.o
                0x000000000800b7dc                tcp_write
 .text.tcp_enqueue_flags
                0x000000000800bd18      0x168 Middlewares/Third_Party/LwIP/src/core/tcp_out.o
                0x000000000800bd18                tcp_enqueue_flags
 .text.tcp_send_fin
                0x000000000800be80       0x44 Middlewares/Third_Party/LwIP/src/core/tcp_out.o
                0x000000000800be80                tcp_send_fin
 .text.tcp_send_empty_ack
                0x000000000800bec4       0x72 Middlewares/Third_Party/LwIP/src/core/tcp_out.o
                0x000000000800bec4                tcp_send_empty_ack
 *fill*         0x000000000800bf36        0x2 
 .text.tcp_output
                0x000000000800bf38      0x2b8 Middlewares/Third_Party/LwIP/src/core/tcp_out.o
                0x000000000800bf38                tcp_output
 .text.tcp_rst  0x000000000800c1f0       0xac Middlewares/Third_Party/LwIP/src/core/tcp_out.o
                0x000000000800c1f0                tcp_rst
 .text.tcp_rexmit_rto
                0x000000000800c29c       0x36 Middlewares/Third_Party/LwIP/src/core/tcp_out.o
                0x000000000800c29c                tcp_rexmit_rto
 .text.tcp_rexmit
                0x000000000800c2d2       0x54 Middlewares/Third_Party/LwIP/src/core/tcp_out.o
                0x000000000800c2d2                tcp_rexmit
 .text.tcp_rexmit_fast
                0x000000000800c326       0x58 Middlewares/Third_Party/LwIP/src/core/tcp_out.o
                0x000000000800c326                tcp_rexmit_fast
 .text.tcp_keepalive
                0x000000000800c37e       0x58 Middlewares/Third_Party/LwIP/src/core/tcp_out.o
                0x000000000800c37e                tcp_keepalive
 .text.tcp_zero_window_probe
                0x000000000800c3d6       0xd4 Middlewares/Third_Party/LwIP/src/core/tcp_out.o
                0x000000000800c3d6                tcp_zero_window_probe
 *fill*         0x000000000800c4aa        0x2 
 .text.sys_timeouts_sleeptime
                0x000000000800c4ac       0x34 Middlewares/Third_Party/LwIP/src/core/timeouts.o
 .text.sys_check_timeouts
                0x000000000800c4e0       0x60 Middlewares/Third_Party/LwIP/src/core/timeouts.o
 .text.sys_timeout
                0x000000000800c540       0xbc Middlewares/Third_Party/LwIP/src/core/timeouts.o
                0x000000000800c540                sys_timeout
 .text.tcp_timer_needed
                0x000000000800c5fc       0x3c Middlewares/Third_Party/LwIP/src/core/timeouts.o
                0x000000000800c5fc                tcp_timer_needed
 .text.tcpip_tcp_timer
                0x000000000800c638       0x38 Middlewares/Third_Party/LwIP/src/core/timeouts.o
 .text.sys_timeouts_init
                0x000000000800c670       0x34 Middlewares/Third_Party/LwIP/src/core/timeouts.o
                0x000000000800c670                sys_timeouts_init
 .text.cyclic_timer
                0x000000000800c6a4       0x18 Middlewares/Third_Party/LwIP/src/core/timeouts.o
 .text.sys_timeouts_mbox_fetch
                0x000000000800c6bc       0x40 Middlewares/Third_Party/LwIP/src/core/timeouts.o
                0x000000000800c6bc                sys_timeouts_mbox_fetch
 .text.udp_new_port
                0x000000000800c6fc       0x4c Middlewares/Third_Party/LwIP/src/core/udp.o
 .text.udp_input_local_match
                0x000000000800c748       0x50 Middlewares/Third_Party/LwIP/src/core/udp.o
 .text.udp_init
                0x000000000800c798        0x2 Middlewares/Third_Party/LwIP/src/core/udp.o
                0x000000000800c798                udp_init
 *fill*         0x000000000800c79a        0x2 
 .text.udp_input
                0x000000000800c79c      0x144 Middlewares/Third_Party/LwIP/src/core/udp.o
                0x000000000800c79c                udp_input
 .text.udp_bind
                0x000000000800c8e0       0x84 Middlewares/Third_Party/LwIP/src/core/udp.o
                0x000000000800c8e0                udp_bind
 .text.udp_sendto_if_src
                0x000000000800c964       0xcc Middlewares/Third_Party/LwIP/src/core/udp.o
                0x000000000800c964                udp_sendto_if_src
 .text.udp_sendto_if
                0x000000000800ca30       0x46 Middlewares/Third_Party/LwIP/src/core/udp.o
                0x000000000800ca30                udp_sendto_if
 .text.udp_sendto
                0x000000000800ca76       0x3c Middlewares/Third_Party/LwIP/src/core/udp.o
                0x000000000800ca76                udp_sendto
 .text.udp_send
                0x000000000800cab2       0x14 Middlewares/Third_Party/LwIP/src/core/udp.o
                0x000000000800cab2                udp_send
 .text.udp_recv
                0x000000000800cac6        0x6 Middlewares/Third_Party/LwIP/src/core/udp.o
                0x000000000800cac6                udp_recv
 .text.udp_remove
                0x000000000800cacc       0x38 Middlewares/Third_Party/LwIP/src/core/udp.o
                0x000000000800cacc                udp_remove
 .text.udp_new  0x000000000800cb04       0x1c Middlewares/Third_Party/LwIP/src/core/udp.o
                0x000000000800cb04                udp_new
 .text.udp_new_ip_type
                0x000000000800cb20        0x8 Middlewares/Third_Party/LwIP/src/core/udp.o
                0x000000000800cb20                udp_new_ip_type
 .text.udp_netif_ip_addr_changed
                0x000000000800cb28       0x34 Middlewares/Third_Party/LwIP/src/core/udp.o
                0x000000000800cb28                udp_netif_ip_addr_changed
 .text.ethernet_input
                0x000000000800cb5c       0xa8 Middlewares/Third_Party/LwIP/src/netif/ethernet.o
                0x000000000800cb5c                ethernet_input
 .text.ethernet_output
                0x000000000800cc04       0x70 Middlewares/Third_Party/LwIP/src/netif/ethernet.o
                0x000000000800cc04                ethernet_output
 .text.sys_mbox_new
                0x000000000800cc74       0x28 Middlewares/Third_Party/LwIP/system/OS/sys_arch.o
                0x000000000800cc74                sys_mbox_new
 .text.sys_mbox_free
                0x000000000800cc9c       0x12 Middlewares/Third_Party/LwIP/system/OS/sys_arch.o
                0x000000000800cc9c                sys_mbox_free
 .text.sys_mbox_post
                0x000000000800ccae       0x18 Middlewares/Third_Party/LwIP/system/OS/sys_arch.o
                0x000000000800ccae                sys_mbox_post
 .text.sys_mbox_trypost
                0x000000000800ccc6       0x14 Middlewares/Third_Party/LwIP/system/OS/sys_arch.o
                0x000000000800ccc6                sys_mbox_trypost
 .text.sys_arch_mbox_fetch
                0x000000000800ccda       0x58 Middlewares/Third_Party/LwIP/system/OS/sys_arch.o
                0x000000000800ccda                sys_arch_mbox_fetch
 .text.sys_arch_mbox_tryfetch
                0x000000000800cd32       0x26 Middlewares/Third_Party/LwIP/system/OS/sys_arch.o
                0x000000000800cd32                sys_arch_mbox_tryfetch
 .text.sys_mbox_valid
                0x000000000800cd58        0xc Middlewares/Third_Party/LwIP/system/OS/sys_arch.o
                0x000000000800cd58                sys_mbox_valid
 .text.sys_mbox_set_invalid
                0x000000000800cd64        0x6 Middlewares/Third_Party/LwIP/system/OS/sys_arch.o
                0x000000000800cd64                sys_mbox_set_invalid
 .text.sys_sem_new
                0x000000000800cd6a       0x32 Middlewares/Third_Party/LwIP/system/OS/sys_arch.o
                0x000000000800cd6a                sys_sem_new
 .text.sys_arch_sem_wait
                0x000000000800cd9c       0x3c Middlewares/Third_Party/LwIP/system/OS/sys_arch.o
                0x000000000800cd9c                sys_arch_sem_wait
 .text.sys_sem_signal
                0x000000000800cdd8        0xa Middlewares/Third_Party/LwIP/system/OS/sys_arch.o
                0x000000000800cdd8                sys_sem_signal
 .text.sys_sem_free
                0x000000000800cde2        0xa Middlewares/Third_Party/LwIP/system/OS/sys_arch.o
                0x000000000800cde2                sys_sem_free
 .text.sys_sem_valid
                0x000000000800cdec        0xc Middlewares/Third_Party/LwIP/system/OS/sys_arch.o
                0x000000000800cdec                sys_sem_valid
 .text.sys_sem_set_invalid
                0x000000000800cdf8        0x6 Middlewares/Third_Party/LwIP/system/OS/sys_arch.o
                0x000000000800cdf8                sys_sem_set_invalid
 *fill*         0x000000000800cdfe        0x2 
 .text.sys_init
                0x000000000800ce00       0x18 Middlewares/Third_Party/LwIP/system/OS/sys_arch.o
                0x000000000800ce00                sys_init
 .text.sys_mutex_new
                0x000000000800ce18       0x22 Middlewares/Third_Party/LwIP/system/OS/sys_arch.o
                0x000000000800ce18                sys_mutex_new
 .text.sys_mutex_lock
                0x000000000800ce3a        0xe Middlewares/Third_Party/LwIP/system/OS/sys_arch.o
                0x000000000800ce3a                sys_mutex_lock
 .text.sys_mutex_unlock
                0x000000000800ce48        0xa Middlewares/Third_Party/LwIP/system/OS/sys_arch.o
                0x000000000800ce48                sys_mutex_unlock
 .text.sys_thread_new
                0x000000000800ce52       0x28 Middlewares/Third_Party/LwIP/system/OS/sys_arch.o
                0x000000000800ce52                sys_thread_new
 *fill*         0x000000000800ce7a        0x2 
 .text.sys_arch_protect
                0x000000000800ce7c       0x18 Middlewares/Third_Party/LwIP/system/OS/sys_arch.o
                0x000000000800ce7c                sys_arch_protect
 .text.sys_arch_unprotect
                0x000000000800ce94       0x10 Middlewares/Third_Party/LwIP/system/OS/sys_arch.o
                0x000000000800ce94                sys_arch_unprotect
 .text.low_level_input
                0x000000000800cea4       0xdc Src/ethernetif.o
 .text.ethernetif_input
                0x000000000800cf80       0x3c Src/ethernetif.o
                0x000000000800cf80                ethernetif_input
 .text.low_level_output
                0x000000000800cfbc       0xbc Src/ethernetif.o
 .text.low_level_init
                0x000000000800d078      0x124 Src/ethernetif.o
 .text.HAL_ETH_MspInit
                0x000000000800d19c      0x11c Src/ethernetif.o
                0x000000000800d19c                HAL_ETH_MspInit
 .text.HAL_ETH_RxCpltCallback
                0x000000000800d2b8       0x10 Src/ethernetif.o
                0x000000000800d2b8                HAL_ETH_RxCpltCallback
 .text.ethernetif_init
                0x000000000800d2c8       0x48 Src/ethernetif.o
                0x000000000800d2c8                ethernetif_init
 .text.sys_now  0x000000000800d310        0x8 Src/ethernetif.o
                0x000000000800d310                sys_now
 .text.StartDefaultTask
                0x000000000800d318       0x6c Src/freertos.o
                0x000000000800d318                StartDefaultTask
 .text.vApplicationGetIdleTaskMemory
                0x000000000800d384       0x18 Src/freertos.o
                0x000000000800d384                vApplicationGetIdleTaskMemory
 .text.MX_FREERTOS_Init
                0x000000000800d39c       0x2c Src/freertos.o
                0x000000000800d39c                MX_FREERTOS_Init
 .text.MX_GPIO_Init
                0x000000000800d3c8      0x130 Src/gpio.o
                0x000000000800d3c8                MX_GPIO_Init
 .text.MX_LWIP_Init
                0x000000000800d4f8      0x118 Src/lwip.o
                0x000000000800d4f8                MX_LWIP_Init
 .text.MX_NVIC_Init
                0x000000000800d610       0x14 Src/main.o
 .text.SystemClock_Config
                0x000000000800d624       0x98 Src/main.o
                0x000000000800d624                SystemClock_Config
 .text.main     0x000000000800d6bc       0x24 Src/main.o
                0x000000000800d6bc                main
 .text.HAL_TIM_PeriodElapsedCallback
                0x000000000800d6e0       0x18 Src/main.o
                0x000000000800d6e0                HAL_TIM_PeriodElapsedCallback
 .text.Error_Handler
                0x000000000800d6f8        0x2 Src/main.o
                0x000000000800d6f8                Error_Handler
 .text.malloc   0x000000000800d6fa        0x8 Src/malloc.o
                0x000000000800d6fa                malloc
 .text.free     0x000000000800d702        0x8 Src/malloc.o
                0x000000000800d702                free
 *fill*         0x000000000800d70a        0x2 
 .text.connexion_tcp_server_wait
                0x000000000800d70c       0xf4 Src/socket_server.o
                0x000000000800d70c                connexion_tcp_server_wait
 .text.ssend_msg
                0x000000000800d800       0x3c Src/socket_server.o
                0x000000000800d800                ssend_msg
 .text.sreceivemessage
                0x000000000800d83c       0x64 Src/socket_server.o
                0x000000000800d83c                sreceivemessage
 .text.HAL_MspInit
                0x000000000800d8a0       0x44 Src/stm32f4xx_hal_msp.o
                0x000000000800d8a0                HAL_MspInit
 .text.HAL_InitTick
                0x000000000800d8e4       0x7c Src/stm32f4xx_hal_timebase_tim.o
                0x000000000800d8e4                HAL_InitTick
 .text.NMI_Handler
                0x000000000800d960        0x2 Src/stm32f4xx_it.o
                0x000000000800d960                NMI_Handler
 .text.HardFault_Handler
                0x000000000800d962        0x2 Src/stm32f4xx_it.o
                0x000000000800d962                HardFault_Handler
 .text.MemManage_Handler
                0x000000000800d964        0x2 Src/stm32f4xx_it.o
                0x000000000800d964                MemManage_Handler
 .text.BusFault_Handler
                0x000000000800d966        0x2 Src/stm32f4xx_it.o
                0x000000000800d966                BusFault_Handler
 .text.UsageFault_Handler
                0x000000000800d968        0x2 Src/stm32f4xx_it.o
                0x000000000800d968                UsageFault_Handler
 .text.DebugMon_Handler
                0x000000000800d96a        0x2 Src/stm32f4xx_it.o
                0x000000000800d96a                DebugMon_Handler
 .text.TIM1_UP_TIM10_IRQHandler
                0x000000000800d96c       0x10 Src/stm32f4xx_it.o
                0x000000000800d96c                TIM1_UP_TIM10_IRQHandler
 .text.ETH_IRQHandler
                0x000000000800d97c       0x10 Src/stm32f4xx_it.o
                0x000000000800d97c                ETH_IRQHandler
 .text._write   0x000000000800d98c       0x48 Src/syscalls.o
                0x000000000800d98c                _write
 .text.SystemInit
                0x000000000800d9d4       0x4c Src/system_stm32f4xx.o
                0x000000000800d9d4                SystemInit
 .text.ts_itoa  0x000000000800da20       0x40 Src/tiny_printf.o
                0x000000000800da20                ts_itoa
 .text.ts_formatstring
                0x000000000800da60       0xdc Src/tiny_printf.o
                0x000000000800da60                ts_formatstring
 .text.ts_formatlength
                0x000000000800db3c       0x8e Src/tiny_printf.o
                0x000000000800db3c                ts_formatlength
 .text.iprintf  0x000000000800dbca       0x7c Src/tiny_printf.o
                0x000000000800dbca                printf
                0x000000000800dbca                iprintf
 *fill*         0x000000000800dc46        0x2 
 .text.puts     0x000000000800dc48       0x38 Src/tiny_printf.o
                0x000000000800dc48                puts
 .text.MX_USART3_UART_Init
                0x000000000800dc80       0x34 Src/usart.o
                0x000000000800dc80                MX_USART3_UART_Init
 .text.HAL_UART_MspInit
                0x000000000800dcb4       0x74 Src/usart.o
                0x000000000800dcb4                HAL_UART_MspInit
 .text.MX_USB_OTG_FS_PCD_Init
                0x000000000800dd28       0x38 Src/usb_otg.o
                0x000000000800dd28                MX_USB_OTG_FS_PCD_Init
 .text.HAL_PCD_MspInit
                0x000000000800dd60       0x88 Src/usb_otg.o
                0x000000000800dd60                HAL_PCD_MspInit
 .text.Reset_Handler
                0x000000000800dde8       0x50 startup/startup_stm32f429xx.o
                0x000000000800dde8                Reset_Handler
 .text.Default_Handler
                0x000000000800de38        0x2 startup/startup_stm32f429xx.o
                0x000000000800de38                RTC_Alarm_IRQHandler
                0x000000000800de38                HASH_RNG_IRQHandler
                0x000000000800de38                EXTI2_IRQHandler
                0x000000000800de38                TIM8_CC_IRQHandler
                0x000000000800de38                UART8_IRQHandler
                0x000000000800de38                SPI4_IRQHandler
                0x000000000800de38                TIM1_CC_IRQHandler
                0x000000000800de38                DMA2_Stream5_IRQHandler
                0x000000000800de38                DMA1_Stream5_IRQHandler
                0x000000000800de38                PVD_IRQHandler
                0x000000000800de38                SDIO_IRQHandler
                0x000000000800de38                TAMP_STAMP_IRQHandler
                0x000000000800de38                CAN2_RX1_IRQHandler
                0x000000000800de38                EXTI3_IRQHandler
                0x000000000800de38                TIM8_TRG_COM_TIM14_IRQHandler
                0x000000000800de38                TIM8_UP_TIM13_IRQHandler
                0x000000000800de38                I2C3_ER_IRQHandler
                0x000000000800de38                EXTI0_IRQHandler
                0x000000000800de38                I2C2_EV_IRQHandler
                0x000000000800de38                DMA1_Stream2_IRQHandler
                0x000000000800de38                CAN1_RX0_IRQHandler
                0x000000000800de38                FPU_IRQHandler
                0x000000000800de38                OTG_HS_WKUP_IRQHandler
                0x000000000800de38                LTDC_ER_IRQHandler
                0x000000000800de38                CAN2_SCE_IRQHandler
                0x000000000800de38                DMA2_Stream2_IRQHandler
                0x000000000800de38                SPI1_IRQHandler
                0x000000000800de38                TIM6_DAC_IRQHandler
                0x000000000800de38                TIM1_BRK_TIM9_IRQHandler
                0x000000000800de38                DCMI_IRQHandler
                0x000000000800de38                CAN2_RX0_IRQHandler
                0x000000000800de38                DMA2_Stream3_IRQHandler
                0x000000000800de38                USART6_IRQHandler
                0x000000000800de38                USART3_IRQHandler
                0x000000000800de38                CAN1_RX1_IRQHandler
                0x000000000800de38                UART5_IRQHandler
                0x000000000800de38                DMA2_Stream0_IRQHandler
                0x000000000800de38                TIM4_IRQHandler
                0x000000000800de38                I2C1_EV_IRQHandler
                0x000000000800de38                DMA1_Stream6_IRQHandler
                0x000000000800de38                DMA1_Stream1_IRQHandler
                0x000000000800de38                UART4_IRQHandler
                0x000000000800de38                TIM3_IRQHandler
                0x000000000800de38                RCC_IRQHandler
                0x000000000800de38                TIM8_BRK_TIM12_IRQHandler
                0x000000000800de38                Default_Handler
                0x000000000800de38                EXTI15_10_IRQHandler
                0x000000000800de38                ADC_IRQHandler
                0x000000000800de38                DMA1_Stream7_IRQHandler
                0x000000000800de38                SPI5_IRQHandler
                0x000000000800de38                TIM7_IRQHandler
                0x000000000800de38                CAN2_TX_IRQHandler
                0x000000000800de38                TIM5_IRQHandler
                0x000000000800de38                DMA2_Stream7_IRQHandler
                0x000000000800de38                I2C3_EV_IRQHandler
                0x000000000800de38                EXTI9_5_IRQHandler
                0x000000000800de38                RTC_WKUP_IRQHandler
                0x000000000800de38                LTDC_IRQHandler
                0x000000000800de38                ETH_WKUP_IRQHandler
                0x000000000800de38                SPI2_IRQHandler
                0x000000000800de38                OTG_HS_EP1_IN_IRQHandler
                0x000000000800de38                DMA1_Stream0_IRQHandler
                0x000000000800de38                CAN1_TX_IRQHandler
                0x000000000800de38                EXTI4_IRQHandler
                0x000000000800de38                OTG_HS_EP1_OUT_IRQHandler
                0x000000000800de38                WWDG_IRQHandler
                0x000000000800de38                SPI6_IRQHandler
                0x000000000800de38                TIM2_IRQHandler
                0x000000000800de38                OTG_FS_WKUP_IRQHandler
                0x000000000800de38                TIM1_TRG_COM_TIM11_IRQHandler
                0x000000000800de38                OTG_HS_IRQHandler
                0x000000000800de38                DMA2D_IRQHandler
                0x000000000800de38                EXTI1_IRQHandler
                0x000000000800de38                UART7_IRQHandler
                0x000000000800de38                USART2_IRQHandler
                0x000000000800de38                I2C2_ER_IRQHandler
                0x000000000800de38                DMA2_Stream1_IRQHandler
                0x000000000800de38                CAN1_SCE_IRQHandler
                0x000000000800de38                FLASH_IRQHandler
                0x000000000800de38                DMA2_Stream4_IRQHandler
                0x000000000800de38                USART1_IRQHandler
                0x000000000800de38                OTG_FS_IRQHandler
                0x000000000800de38                SPI3_IRQHandler
                0x000000000800de38                DMA1_Stream4_IRQHandler
                0x000000000800de38                I2C1_ER_IRQHandler
                0x000000000800de38                FMC_IRQHandler
                0x000000000800de38                DMA2_Stream6_IRQHandler
                0x000000000800de38                SAI1_IRQHandler
                0x000000000800de38                DMA1_Stream3_IRQHandler
 *fill*         0x000000000800de3a        0x2 
 .text.__libc_init_array
                0x000000000800de3c       0x48 /opt/Atollic_TrueSTUDIO_for_STM32_x86_64_9.3.0/ARMTools/bin/../lib/gcc/arm-atollic-eabi/6.3.1/../../../../arm-atollic-eabi/lib/armv7e-m/fpu/libc_nano.a(lib_a-init.o)
                0x000000000800de3c                __libc_init_array
 .text.memcmp   0x000000000800de84       0x1e /opt/Atollic_TrueSTUDIO_for_STM32_x86_64_9.3.0/ARMTools/bin/../lib/gcc/arm-atollic-eabi/6.3.1/../../../../arm-atollic-eabi/lib/armv7e-m/fpu/libc_nano.a(lib_a-memcmp.o)
                0x000000000800de84                memcmp
 .text.memcpy   0x000000000800dea2       0x16 /opt/Atollic_TrueSTUDIO_for_STM32_x86_64_9.3.0/ARMTools/bin/../lib/gcc/arm-atollic-eabi/6.3.1/../../../../arm-atollic-eabi/lib/armv7e-m/fpu/libc_nano.a(lib_a-memcpy-stub.o)
                0x000000000800dea2                memcpy
 .text.memset   0x000000000800deb8       0x10 /opt/Atollic_TrueSTUDIO_for_STM32_x86_64_9.3.0/ARMTools/bin/../lib/gcc/arm-atollic-eabi/6.3.1/../../../../arm-atollic-eabi/lib/armv7e-m/fpu/libc_nano.a(lib_a-memset.o)
                0x000000000800deb8                memset
 .text._strerror_r
                0x000000000800dec8      0x3cc /opt/Atollic_TrueSTUDIO_for_STM32_x86_64_9.3.0/ARMTools/bin/../lib/gcc/arm-atollic-eabi/6.3.1/../../../../arm-atollic-eabi/lib/armv7e-m/fpu/libc_nano.a(lib_a-strerror.o)
                0x000000000800dec8                _strerror_r
 .text.strerror
                0x000000000800e294       0x14 /opt/Atollic_TrueSTUDIO_for_STM32_x86_64_9.3.0/ARMTools/bin/../lib/gcc/arm-atollic-eabi/6.3.1/../../../../arm-atollic-eabi/lib/armv7e-m/fpu/libc_nano.a(lib_a-strerror.o)
                0x000000000800e294                strerror
 .text._user_strerror
                0x000000000800e2a8        0x4 /opt/Atollic_TrueSTUDIO_for_STM32_x86_64_9.3.0/ARMTools/bin/../lib/gcc/arm-atollic-eabi/6.3.1/../../../../arm-atollic-eabi/lib/armv7e-m/fpu/libc_nano.a(lib_a-u_strerr.o)
                0x000000000800e2a8                _user_strerror
 *(.glue_7)
 .glue_7        0x000000000800e2ac        0x0 linker stubs
 *(.glue_7t)
 .glue_7t       0x000000000800e2ac        0x0 linker stubs
 *(.eh_frame)
 .eh_frame      0x000000000800e2ac        0x0 /opt/Atollic_TrueSTUDIO_for_STM32_x86_64_9.3.0/ARMTools/bin/../lib/gcc/arm-atollic-eabi/6.3.1/armv7e-m/fpu/crtbegin.o
 *(.init)
 .init          0x000000000800e2ac        0x4 /opt/Atollic_TrueSTUDIO_for_STM32_x86_64_9.3.0/ARMTools/bin/../lib/gcc/arm-atollic-eabi/6.3.1/armv7e-m/fpu/crti.o
                0x000000000800e2ac                _init
 .init          0x000000000800e2b0        0x8 /opt/Atollic_TrueSTUDIO_for_STM32_x86_64_9.3.0/ARMTools/bin/../lib/gcc/arm-atollic-eabi/6.3.1/armv7e-m/fpu/crtn.o
 *(.fini)
 .fini          0x000000000800e2b8        0x4 /opt/Atollic_TrueSTUDIO_for_STM32_x86_64_9.3.0/ARMTools/bin/../lib/gcc/arm-atollic-eabi/6.3.1/armv7e-m/fpu/crti.o
                0x000000000800e2b8                _fini
 .fini          0x000000000800e2bc        0x8 /opt/Atollic_TrueSTUDIO_for_STM32_x86_64_9.3.0/ARMTools/bin/../lib/gcc/arm-atollic-eabi/6.3.1/armv7e-m/fpu/crtn.o
                0x000000000800e2c4                . = ALIGN (0x4)
                0x000000000800e2c4                _etext = .

.vfp11_veneer   0x000000000800e2c4        0x0
 .vfp11_veneer  0x000000000800e2c4        0x0 linker stubs

.v4_bx          0x000000000800e2c4        0x0
 .v4_bx         0x000000000800e2c4        0x0 linker stubs

.iplt           0x000000000800e2c4        0x0
 .iplt          0x000000000800e2c4        0x0 /opt/Atollic_TrueSTUDIO_for_STM32_x86_64_9.3.0/ARMTools/bin/../lib/gcc/arm-atollic-eabi/6.3.1/armv7e-m/fpu/crtbegin.o

.rodata         0x000000000800e2c4     0x2bbc
                0x000000000800e2c4                . = ALIGN (0x4)
 *(.rodata)
 .rodata        0x000000000800e2c4       0x1c Src/ethernetif.o
 .rodata        0x000000000800e2e0       0x1c Src/freertos.o
 *(.rodata*)
 .rodata.vTaskStartScheduler.str1.4
                0x000000000800e2fc        0x5 Middlewares/Third_Party/FreeRTOS/Source/tasks.o
 *fill*         0x000000000800e301        0x3 
 .rodata.netconn_accept.str1.4
                0x000000000800e304       0x3d Middlewares/Third_Party/LwIP/src/api/api_lib.o
 *fill*         0x000000000800e341        0x3 
 .rodata.netconn_bind.str1.4
                0x000000000800e344       0x1b Middlewares/Third_Party/LwIP/src/api/api_lib.o
 *fill*         0x000000000800e35f        0x1 
 .rodata.netconn_close_shutdown.str1.4